Component: Arm Compiler for Embedded 6.19 Tool: armlink [5e73cb00]

==============================================================================

Section Cross References

    startup_stm32f411xe.o(STACK) refers (Special) to heapauxi.o(.text) for __use_two_region_memory
    startup_stm32f411xe.o(HEAP) refers (Special) to heapauxi.o(.text) for __use_two_region_memory
    startup_stm32f411xe.o(RESET) refers (Special) to heapauxi.o(.text) for __use_two_region_memory
    startup_stm32f411xe.o(RESET) refers to startup_stm32f411xe.o(STACK) for __initial_sp
    startup_stm32f411xe.o(RESET) refers to startup_stm32f411xe.o(.text) for Reset_Handler
    startup_stm32f411xe.o(RESET) refers to stm32f4xx_it.o(.text.NMI_Handler) for NMI_Handler
    startup_stm32f411xe.o(RESET) refers to stm32f4xx_it.o(.text.HardFault_Handler) for HardFault_Handler
    startup_stm32f411xe.o(RESET) refers to stm32f4xx_it.o(.text.MemManage_Handler) for MemManage_Handler
    startup_stm32f411xe.o(RESET) refers to stm32f4xx_it.o(.text.BusFault_Handler) for BusFault_Handler
    startup_stm32f411xe.o(RESET) refers to stm32f4xx_it.o(.text.UsageFault_Handler) for UsageFault_Handler
    startup_stm32f411xe.o(RESET) refers to stm32f4xx_it.o(.text.SVC_Handler) for SVC_Handler
    startup_stm32f411xe.o(RESET) refers to stm32f4xx_it.o(.text.DebugMon_Handler) for DebugMon_Handler
    startup_stm32f411xe.o(RESET) refers to stm32f4xx_it.o(.text.PendSV_Handler) for PendSV_Handler
    startup_stm32f411xe.o(RESET) refers to stm32f4xx_it.o(.text.SysTick_Handler) for SysTick_Handler
    startup_stm32f411xe.o(.text) refers (Special) to heapauxi.o(.text) for __use_two_region_memory
    startup_stm32f411xe.o(.text) refers to system_stm32f4xx.o(.text.SystemInit) for SystemInit
    startup_stm32f411xe.o(.text) refers to __main.o(!!!main) for __main
    startup_stm32f411xe.o(.text) refers to startup_stm32f411xe.o(HEAP) for Heap_Mem
    startup_stm32f411xe.o(.text) refers to startup_stm32f411xe.o(STACK) for Stack_Mem
    mymaths.o(.text) refers (Special) to _printf_percent.o(.ARM.Collect$$_printf_percent$$00000000) for _printf_percent
    mymaths.o(.text) refers (Special) to _printf_f.o(.ARM.Collect$$_printf_percent$$00000003) for _printf_f
    mymaths.o(.text) refers (Special) to printf1.o(x$fpl$printf1) for _printf_fp_dec
    mymaths.o(.text.new_mat_q15) refers (Special) to _printf_percent.o(.ARM.Collect$$_printf_percent$$00000000) for _printf_percent
    mymaths.o(.text.new_mat_q15) refers (Special) to _printf_f.o(.ARM.Collect$$_printf_percent$$00000003) for _printf_f
    mymaths.o(.text.new_mat_q15) refers (Special) to printf1.o(x$fpl$printf1) for _printf_fp_dec
    mymaths.o(.text.new_mat_q15) refers to h1_alloc.o(.text) for malloc
    mymaths.o(.text.new_mat_q15) refers to calloc.o(.text) for calloc
    mymaths.o(.text.new_mat_q15) refers to matrixfunctions.o(.text.arm_mat_init_q15) for arm_mat_init_q15
    mymaths.o(.text.new_mat_q15) refers to mymaths.o(.rodata.str1.1) for .Lstr
    mymaths.o(.text.new_mat_q15) refers to puts.o(.text) for puts
    mymaths.o(.ARM.exidx.text.new_mat_q15) refers (Special) to _printf_percent.o(.ARM.Collect$$_printf_percent$$00000000) for _printf_percent
    mymaths.o(.ARM.exidx.text.new_mat_q15) refers (Special) to _printf_f.o(.ARM.Collect$$_printf_percent$$00000003) for _printf_f
    mymaths.o(.ARM.exidx.text.new_mat_q15) refers (Special) to printf1.o(x$fpl$printf1) for _printf_fp_dec
    mymaths.o(.ARM.exidx.text.new_mat_q15) refers to mymaths.o(.text.new_mat_q15) for [Anonymous Symbol]
    mymaths.o(.text.delete_mat_q15) refers (Special) to _printf_percent.o(.ARM.Collect$$_printf_percent$$00000000) for _printf_percent
    mymaths.o(.text.delete_mat_q15) refers (Special) to _printf_f.o(.ARM.Collect$$_printf_percent$$00000003) for _printf_f
    mymaths.o(.text.delete_mat_q15) refers (Special) to printf1.o(x$fpl$printf1) for _printf_fp_dec
    mymaths.o(.ARM.exidx.text.delete_mat_q15) refers (Special) to _printf_percent.o(.ARM.Collect$$_printf_percent$$00000000) for _printf_percent
    mymaths.o(.ARM.exidx.text.delete_mat_q15) refers (Special) to _printf_f.o(.ARM.Collect$$_printf_percent$$00000003) for _printf_f
    mymaths.o(.ARM.exidx.text.delete_mat_q15) refers (Special) to printf1.o(x$fpl$printf1) for _printf_fp_dec
    mymaths.o(.ARM.exidx.text.delete_mat_q15) refers to mymaths.o(.text.delete_mat_q15) for [Anonymous Symbol]
    mymaths.o(.text.mat_q15_set) refers (Special) to _printf_percent.o(.ARM.Collect$$_printf_percent$$00000000) for _printf_percent
    mymaths.o(.text.mat_q15_set) refers (Special) to _printf_f.o(.ARM.Collect$$_printf_percent$$00000003) for _printf_f
    mymaths.o(.text.mat_q15_set) refers (Special) to printf1.o(x$fpl$printf1) for _printf_fp_dec
    mymaths.o(.ARM.exidx.text.mat_q15_set) refers (Special) to _printf_percent.o(.ARM.Collect$$_printf_percent$$00000000) for _printf_percent
[...]
    ../clib/signal.c                         0x00000000   Number         0  defsig_rtred_inner.o ABSOLUTE
    ../clib/signal.c                         0x00000000   Number         0  defsig_stak_inner.o ABSOLUTE
    ../clib/signal.c                         0x00000000   Number         0  defsig_pvfn_inner.o ABSOLUTE
    ../clib/signal.c                         0x00000000   Number         0  defsig_cppl_inner.o ABSOLUTE
    ../clib/signal.c                         0x00000000   Number         0  defsig_segv_inner.o ABSOLUTE
    ../clib/signal.c                         0x00000000   Number         0  defsig_other.o ABSOLUTE
    ../clib/signal.s                         0x00000000   Number         0  defsig.o ABSOLUTE
    ../clib/stdio.c                          0x00000000   Number         0  puts.o ABSOLUTE
    ../clib/stdlib.c                         0x00000000   Number         0  exit.o ABSOLUTE
    ../fplib/basic.s                         0x00000000   Number         0  basic.o ABSOLUTE
    ../fplib/cfplib/d2h.c                    0x00000000   Number         0  d2h.o ABSOLUTE
    ../fplib/d2f.s                           0x00000000   Number         0  d2f.o ABSOLUTE
    ../fplib/daddsub.s                       0x00000000   Number         0  daddsub_clz.o ABSOLUTE
    ../fplib/dcmp.s                          0x00000000   Number         0  dcmp.o ABSOLUTE
    ../fplib/dcmpi.s                         0x00000000   Number         0  dcmpi.o ABSOLUTE
    ../fplib/ddiv.s                          0x00000000   Number         0  ddiv.o ABSOLUTE
    ../fplib/deqf.s                          0x00000000   Number         0  deqf.o ABSOLUTE
    ../fplib/dfix.s                          0x00000000   Number         0  dfix.o ABSOLUTE
    ../fplib/dfixll.s                        0x00000000   Number         0  dfixll.o ABSOLUTE
    ../fplib/dflt.s                          0x00000000   Number         0  dflt_clz.o ABSOLUTE
    ../fplib/dgeqf.s                         0x00000000   Number         0  dgeqf.o ABSOLUTE
    ../fplib/dleqf.s                         0x00000000   Number         0  dleqf.o ABSOLUTE
    ../fplib/dmul.s                          0x00000000   Number         0  dmul.o ABSOLUTE
    ../fplib/dnaninf.s                       0x00000000   Number         0  dnaninf.o ABSOLUTE
    ../fplib/dretinf.s                       0x00000000   Number         0  dretinf.o ABSOLUTE
    ../fplib/drleqf.s                        0x00000000   Number         0  drleqf.o ABSOLUTE
    ../fplib/dsqrt.s                         0x00000000   Number         0  dsqrt_umaal.o ABSOLUTE
    ../fplib/f2d.s                           0x00000000   Number         0  f2d.o ABSOLUTE
    ../fplib/fnaninf.s                       0x00000000   Number         0  fnaninf.o ABSOLUTE
    ../fplib/fpinit.s                        0x00000000   Number         0  fpinit.o ABSOLUTE
    ../fplib/fretinf.s                       0x00000000   Number         0  fretinf.o ABSOLUTE
    ../fplib/istatus.s                       0x00000000   Number         0  istatus.o ABSOLUTE
    ../fplib/printf1.s                       0x00000000   Number         0  printf1.o ABSOLUTE
    ../fplib/usenofp.s                       0x00000000   Number         0  usenofp.o ABSOLUTE
    ../mathlib/dunder.c                      0x00000000   Number         0  dunder.o ABSOLUTE
    ../mathlib/exp.c                         0x00000000   Number         0  exp.o ABSOLUTE
    ../mathlib/expf.c                        0x00000000   Number         0  expf.o ABSOLUTE
    ../mathlib/floorf.c                      0x00000000   Number         0  floorf.o ABSOLUTE
    ../mathlib/fpclassify.c                  0x00000000   Number         0  fpclassify.o ABSOLUTE
    ../mathlib/fpclassifyf.c                 0x00000000   Number         0  fpclassifyf.o ABSOLUTE
    ../mathlib/funder.c                      0x00000000   Number         0  funder.o ABSOLUTE
    ../mathlib/log.c                         0x00000000   Number         0  log.o ABSOLUTE
    ../mathlib/logf.c                        0x00000000   Number         0  logf.o ABSOLUTE
    ../mathlib/poly.c                        0x00000000   Number         0  poly.o ABSOLUTE
    ../mathlib/powf.c                        0x00000000   Number         0  powf.o ABSOLUTE
    ../mathlib/qnan.c                        0x00000000   Number         0  qnan.o ABSOLUTE
    ../mathlib/sqrt.c                        0x00000000   Number         0  sqrt.o ABSOLUTE
    ../mathlib/tanhf.c                       0x00000000   Number         0  tanhf.o ABSOLUTE
    BasicMathFunctions.c                     0x00000000   Number         0  basicmathfunctions.o ABSOLUTE
    BasicMathFunctionsF16.c                  0x00000000   Number         0  basicmathfunctionsf16.o ABSOLUTE
    BayesFunctions.c                         0x00000000   Number         0  bayesfunctions.o ABSOLUTE
    BayesFunctionsF16.c                      0x00000000   Number         0  bayesfunctionsf16.o ABSOLUTE
    CommonTables.c                           0x00000000   Number         0  commontables.o ABSOLUTE
    CommonTablesF16.c                        0x00000000   Number         0  commontablesf16.o ABSOLUTE
    ComplexMathFunctions.c                   0x00000000   Number         0  complexmathfunctions.o ABSOLUTE
    ComplexMathFunctionsF16.c                0x00000000   Number         0  complexmathfunctionsf16.o ABSOLUTE
    ControllerFunctions.c                    0x00000000   Number         0  controllerfunctions.o ABSOLUTE
    DistanceFunctions.c                      0x00000000   Number         0  distancefunctions.o ABSOLUTE
    DistanceFunctionsF16.c                   0x00000000   Number         0  distancefunctionsf16.o ABSOLUTE
    FastMathFunctions.c                      0x00000000   Number         0  fastmathfunctions.o ABSOLUTE
    FastMathFunctionsF16.c                   0x00000000   Number         0  fastmathfunctionsf16.o ABSOLUTE
    FilteringFunctions.c                     0x00000000   Number         0  filteringfunctions.o ABSOLUTE
    FilteringFunctionsF16.c                  0x00000000   Number         0  filteringfunctionsf16.o ABSOLUTE
    InterpolationFunctions.c                 0x00000000   Number         0  interpolationfunctions.o ABSOLUTE
    InterpolationFunctionsF16.c              0x00000000   Number         0  interpolationfunctionsf16.o ABSOLUTE
    MatrixFunctions.c                        0x00000000   Number         0  matrixfunctions.o ABSOLUTE
    MatrixFunctionsF16.c                     0x00000000   Number         0  matrixfunctionsf16.o ABSOLUTE
    MyMaths.c                                0x00000000   Number         0  mymaths.o ABSOLUTE
    POE_Formula.c                            0x00000000   Number         0  poe_formula.o ABSOLUTE
    QuaternionMathFunctions.c                0x00000000   Number         0  quaternionmathfunctions.o ABSOLUTE
    Robotics.c                               0x00000000   Number         0  robotics.o ABSOLUTE
    SVMFunctions.c                           0x00000000   Number         0  svmfunctions.o ABSOLUTE
    SVMFunctionsF16.c                        0x00000000   Number         0  svmfunctionsf16.o ABSOLUTE
    StatisticsFunctions.c                    0x00000000   Number         0  statisticsfunctions.o ABSOLUTE
    StatisticsFunctionsF16.c                 0x00000000   Number         0  statisticsfunctionsf16.o ABSOLUTE
    SupportFunctions.c                       0x00000000   Number         0  supportfunctions.o ABSOLUTE
    SupportFunctionsF16.c                    0x00000000   Number         0  supportfunctionsf16.o ABSOLUTE
    TransformFunctions.c                     0x00000000   Number         0  transformfunctions.o ABSOLUTE
    TransformFunctionsF16.c                  0x00000000   Number         0  transformfunctionsf16.o ABSOLUTE
    UR5_Controller.c                         0x00000000   Number         0  ur5_controller.o ABSOLUTE
    dc.s                                     0x00000000   Number         0  dc.o ABSOLUTE
    gpio.c                                   0x00000000   Number         0  gpio.o ABSOLUTE
    main.c                                   0x00000000   Number         0  main.o ABSOLUTE
    retarget.c                               0x00000000   Number         0  retarget.o ABSOLUTE
    startup_stm32f411xe.s                    0x00000000   Number         0  startup_stm32f411xe.o ABSOLUTE
    stm32f4xx_hal.c                          0x00000000   Number         0  stm32f4xx_hal.o ABSOLUTE
    stm32f4xx_hal_cortex.c                   0x00000000   Number         0  stm32f4xx_hal_cortex.o ABSOLUTE
    stm32f4xx_hal_dma.c                      0x00000000   Number         0  stm32f4xx_hal_dma.o ABSOLUTE
    stm32f4xx_hal_dma_ex.c                   0x00000000   Number         0  stm32f4xx_hal_dma_ex.o ABSOLUTE
    stm32f4xx_hal_exti.c                     0x00000000   Number         0  stm32f4xx_hal_exti.o ABSOLUTE
    stm32f4xx_hal_flash.c                    0x00000000   Number         0  stm32f4xx_hal_flash.o ABSOLUTE
    stm32f4xx_hal_flash_ex.c                 0x00000000   Number         0  stm32f4xx_hal_flash_ex.o ABSOLUTE
    stm32f4xx_hal_flash_ramfunc.c            0x00000000   Number         0  stm32f4xx_hal_flash_ramfunc.o ABSOLUTE
    stm32f4xx_hal_gpio.c                     0x00000000   Number         0  stm32f4xx_hal_gpio.o ABSOLUTE
    stm32f4xx_hal_msp.c                      0x00000000   Number         0  stm32f4xx_hal_msp.o ABSOLUTE
    stm32f4xx_hal_pwr.c                      0x00000000   Number         0  stm32f4xx_hal_pwr.o ABSOLUTE
    stm32f4xx_hal_pwr_ex.c                   0x00000000   Number         0  stm32f4xx_hal_pwr_ex.o ABSOLUTE
    stm32f4xx_hal_rcc.c                      0x00000000   Number         0  stm32f4xx_hal_rcc.o ABSOLUTE
    stm32f4xx_hal_rcc_ex.c                   0x00000000   Number         0  stm32f4xx_hal_rcc_ex.o ABSOLUTE
    stm32f4xx_hal_tim.c                      0x00000000   Number         0  stm32f4xx_hal_tim.o ABSOLUTE
    stm32f4xx_hal_tim_ex.c                   0x00000000   Number         0  stm32f4xx_hal_tim_ex.o ABSOLUTE
    stm32f4xx_hal_uart.c                     0x00000000   Number         0  stm32f4xx_hal_uart.o ABSOLUTE
    stm32f4xx_it.c                           0x00000000   Number         0  stm32f4xx_it.o ABSOLUTE
    system_stm32f4xx.c                       0x00000000   Number         0  system_stm32f4xx.o ABSOLUTE
    usart.c                                  0x00000000   Number         0  usart.o ABSOLUTE
    RESET                                    0x08000000   Section      408  startup_stm32f411xe.o(RESET)
    !!!main                                  0x08000198   Section        8  __main.o(!!!main)
    !!!scatter                               0x080001a0   Section       52  __scatter.o(!!!scatter)
    !!handler_copy                           0x080001d4   Section       26  __scatter_copy.o(!!handler_copy)
    !!handler_zi                             0x080001f0   Section       28  __scatter_zi.o(!!handler_zi)
    .ARM.Collect$$_printf_percent$$00000000  0x0800020c   Section        0  _printf_percent.o(.ARM.Collect$$_printf_percent$$00000000)
    .ARM.Collect$$_printf_percent$$00000003  0x0800020c   Section        6  _printf_f.o(.ARM.Collect$$_printf_percent$$00000003)
    .ARM.Collect$$_printf_percent$$00000017  0x08000212   Section        4  _printf_percent_end.o(.ARM.Collect$$_printf_percent$$00000017)
    .ARM.Collect$$libinit$$00000000          0x08000216   Section        2  libinit.o(.ARM.Collect$$libinit$$00000000)
    .ARM.Collect$$libinit$$00000001          0x08000218   Section        4  libinit2.o(.ARM.Collect$$libinit$$00000001)
    .ARM.Collect$$libinit$$00000004          0x0800021c   Section        0  libinit2.o(.ARM.Collect$$libinit$$00000004)
    .ARM.Collect$$libinit$$00000006          0x0800021c   Section        0  libinit2.o(.ARM.Collect$$libinit$$00000006)
    .ARM.Collect$$libinit$$00000007          0x0800021c   Section        8  libinit2.o(.ARM.Collect$$libinit$$00000007)
    .ARM.Collect$$libinit$$0000000C          0x08000224   Section        0  libinit2.o(.ARM.Collect$$libinit$$0000000C)
    .ARM.Collect$$libinit$$0000000E          0x08000224   Section        0  libinit2.o(.ARM.Collect$$libinit$$0000000E)
    .ARM.Collect$$libinit$$00000010          0x08000224   Section        0  libinit2.o(.ARM.Collect$$libinit$$00000010)
    .ARM.Collect$$libinit$$00000011          0x08000224   Section        6  libinit2.o(.ARM.Collect$$libinit$$00000011)
    .ARM.Collect$$libinit$$00000013          0x0800022a   Section        0  libinit2.o(.ARM.Collect$$libinit$$00000013)
    .ARM.Collect$$libinit$$00000015          0x0800022a   Section        0  libinit2.o(.ARM.Collect$$libinit$$00000015)
    .ARM.Collect$$libinit$$00000017          0x0800022a   Section        0  libinit2.o(.ARM.Collect$$libinit$$00000017)
    .ARM.Collect$$libinit$$00000018          0x0800022a   Section       10  libinit2.o(.ARM.Collect$$libinit$$00000018)
    .ARM.Collect$$libinit$$00000019          0x08000234   Section        0  libinit2.o(.ARM.Collect$$libinit$$00000019)
    .ARM.Collect$$libinit$$0000001B          0x08000234   Section        0  libinit2.o(.ARM.Collect$$libinit$$0000001B)
    .ARM.Collect$$libinit$$0000001D          0x08000234   Section        0  libinit2.o(.ARM.Collect$$libinit$$0000001D)
    .ARM.Collect$$libinit$$0000001F          0x08000234   Section        0  libinit2.o(.ARM.Collect$$libinit$$0000001F)
    .ARM.Collect$$libinit$$00000021          0x08000234   Section        0  libinit2.o(.ARM.Collect$$libinit$$00000021)
    .ARM.Collect$$libinit$$00000023          0x08000234   Section        0  libinit2.o(.ARM.Collect$$libinit$$00000023)
    .ARM.Collect$$libinit$$00000025          0x08000234   Section        0  libinit2.o(.ARM.Collect$$libinit$$00000025)
    .ARM.Collect$$libinit$$00000027          0x08000234   Section        0  libinit2.o(.ARM.Collect$$libinit$$00000027)
    .ARM.Collect$$libinit$$0000002E          0x08000234   Section        0  libinit2.o(.ARM.Collect$$libinit$$0000002E)
    .ARM.Collect$$libinit$$00000030          0x08000234   Section        0  libinit2.o(.ARM.Collect$$libinit$$00000030)
    .ARM.Collect$$libinit$$00000032          0x08000234   Section        0  libinit2.o(.ARM.Collect$$libinit$$00000032)
    .ARM.Collect$$libinit$$00000034          0x08000234   Section        0  libinit2.o(.ARM.Collect$$libinit$$00000034)
    .ARM.Collect$$libinit$$00000035          0x08000234   Section        2  libinit2.o(.ARM.Collect$$libinit$$00000035)
    .ARM.Collect$$libshutdown$$00000000      0x08000236   Section        2  libshutdown.o(.ARM.Collect$$libshutdown$$00000000)
    .ARM.Collect$$libshutdown$$00000002      0x08000238   Section        0  libshutdown2.o(.ARM.Collect$$libshutdown$$00000002)
    .ARM.Collect$$libshutdown$$00000004      0x08000238   Section        0  libshutdown2.o(.ARM.Collect$$libshutdown$$00000004)
    .ARM.Collect$$libshutdown$$00000007      0x08000238   Section        0  libshutdown2.o(.ARM.Collect$$libshutdown$$00000007)
    .ARM.Collect$$libshutdown$$0000000A      0x08000238   Section        0  libshutdown2.o(.ARM.Collect$$libshutdown$$0000000A)
    .ARM.Collect$$libshutdown$$0000000C      0x08000238   Section        0  libshutdown2.o(.ARM.Collect$$libshutdown$$0000000C)
    .ARM.Collect$$libshutdown$$0000000F      0x08000238   Section        0  libshutdown2.o(.ARM.Collect$$libshutdown$$0000000F)
    .ARM.Collect$$libshutdown$$00000010      0x08000238   Section        2  libshutdown2.o(.ARM.Collect$$libshutdown$$00000010)
    .ARM.Collect$$rtentry$$00000000          0x0800023a   Section        0  __rtentry.o(.ARM.Collect$$rtentry$$00000000)
    .ARM.Collect$$rtentry$$00000002          0x0800023a   Section        0  __rtentry2.o(.ARM.Collect$$rtentry$$00000002)
    .ARM.Collect$$rtentry$$00000004          0x0800023a   Section        6  __rtentry4.o(.ARM.Collect$$rtentry$$00000004)
    .ARM.Collect$$rtentry$$00000009          0x08000240   Section        0  __rtentry2.o(.ARM.Collect$$rtentry$$00000009)
    .ARM.Collect$$rtentry$$0000000A          0x08000240   Section        4  __rtentry2.o(.ARM.Collect$$rtentry$$0000000A)
    .ARM.Collect$$rtentry$$0000000C          0x08000244   Section        0  __rtentry2.o(.ARM.Collect$$rtentry$$0000000C)
    .ARM.Collect$$rtentry$$0000000D          0x08000244   Section        8  __rtentry2.o(.ARM.Collect$$rtentry$$0000000D)
    .ARM.Collect$$rtexit$$00000000           0x0800024c   Section        2  rtexit.o(.ARM.Collect$$rtexit$$00000000)
    .ARM.Collect$$rtexit$$00000002           0x0800024e   Section        0  rtexit2.o(.ARM.Collect$$rtexit$$00000002)
    .ARM.Collect$$rtexit$$00000003           0x0800024e   Section        4  rtexit2.o(.ARM.Collect$$rtexit$$00000003)
    .ARM.Collect$$rtexit$$00000004           0x08000252   Section        6  rtexit2.o(.ARM.Collect$$rtexit$$00000004)
    $v0                                      0x08000258   Number         0  startup_stm32f411xe.o(.text)
    .text                                    0x08000258   Section       64  startup_stm32f411xe.o(.text)
    .text                                    0x08000298   Section        2  use_no_semi_2.o(.text)
    .text                                    0x0800029a   Section        0  calloc.o(.text)
    .text                                    0x080002c2   Section        0  h1_alloc.o(.text)
    .text                                    0x08000320   Section      240  lludivv7m.o(.text)
    .text                                    0x08000410   Section        0  noretval__2printf.o(.text)
    .text                                    0x08000428   Section        0  __printf_flags_wp.o(.text)
    .text                                    0x08000560   Section        0  puts.o(.text)
    .text                                    0x0800058c   Section      138  rt_memcpy_v6.o(.text)
    .text                                    0x08000616   Section      100  rt_memcpy_w.o(.text)
    .text                                    0x0800067a   Section       68  rt_memclr.o(.text)
    .text                                    0x080006be   Section       78  rt_memclr_w.o(.text)
    .text                                    0x0800070c   Section        0  heapauxi.o(.text)
    .text                                    0x08000712   Section        2  use_no_semi.o(.text)
    .text                                    0x08000714   Section        8  rt_heap_descriptor_intlibspace.o(.text)
    .text                                    0x0800071c   Section        0  hguard.o(.text)
    .text                                    0x08000720   Section        0  init_alloc.o(.text)
    .text                                    0x080007aa   Section        0  h1_init.o(.text)
    .text                                    0x080007b8   Section        0  h1_free.o(.text)
    _fp_digits                               0x08000807   Thumb Code   432  _printf_fp_dec.o(.text)
    .text                                    0x08000806   Section        0  _printf_fp_dec.o(.text)
    .text                                    0x08000c24   Section        0  _printf_char_file.o(.text)
    .text                                    0x08000c48   Section        8  libspace.o(.text)
    .text                                    0x08000c50   Section        8  rt_locale_intlibspace.o(.text)
    .text                                    0x08000c58   Section        0  maybetermalloc1.o(.text)
    .text                                    0x08000c58   Section        0  h1_extend.o(.text)
    .text                                    0x08000c8c   Section      138  lludiv10.o(.text)
    _printf_input_char                       0x08000d19   Thumb Code    10  _printf_char_common.o(.text)
    .text                                    0x08000d18   Section        0  _printf_char_common.o(.text)
    .text                                    0x08000d48   Section        0  _printf_fp_infnan.o(.text)
    .text                                    0x08000dc8   Section        0  bigflt0.o(.text)
    .text                                    0x08000eac   Section        0  defsig_rtmem_outer.o(.text)
    .text                                    0x08000eba   Section       74  sys_stackheap_outer.o(.text)
    .text                                    0x08000f04   Section        0  exit.o(.text)
    .text                                    0x08000f16   Section        0  defsig_exit.o(.text)
    .text                                    0x08000f20   Section        0  defsig_rtmem_inner.o(.text)
    .text                                    0x08000f70   Section      124  strcmpv7em.o(.text)
    .text                                    0x08000fec   Section        0  defsig_general.o(.text)
    [Anonymous Symbol]                       0x08001020   Section        0  stm32f4xx_it.o(.text.BusFault_Handler)
    [Anonymous Symbol]                       0x08001024   Section        0  stm32f4xx_it.o(.text.DebugMon_Handler)
    [Anonymous Symbol]                       0x08001028   Section        0  main.o(.text.Error_Handler)
    [Anonymous Symbol]                       0x08001034   Section        0  stm32f4xx_hal.o(.text.HAL_Delay)
    [Anonymous Symbol]                       0x0800105c   Section        0  stm32f4xx_hal_gpio.o(.text.HAL_GPIO_Init)
    [Anonymous Symbol]                       0x08001204   Section        0  stm32f4xx_hal.o(.text.HAL_GetTick)
    [Anonymous Symbol]                       0x08001210   Section        0  stm32f4xx_hal.o(.text.HAL_IncTick)
    [Anonymous Symbol]                       0x0800122c   Section        0  stm32f4xx_hal.o(.text.HAL_Init)
    [Anonymous Symbol]                       0x08001264   Section        0  stm32f4xx_hal.o(.text.HAL_InitTick)
    [Anonymous Symbol]                       0x080012ac   Section        0  stm32f4xx_hal_msp.o(.text.HAL_MspInit)
    [Anonymous Symbol]                       0x080012e4   Section        0  stm32f4xx_hal_cortex.o(.text.HAL_NVIC_SetPriority)
    [Anonymous Symbol]                       0x0800133c   Section        0  stm32f4xx_hal_cortex.o(.text.HAL_NVIC_SetPriorityGrouping)
    [Anonymous Symbol]                       0x0800135c   Section        0  stm32f4xx_hal_rcc.o(.text.HAL_RCC_ClockConfig)
    [Anonymous Symbol]                       0x080014bc   Section        0  stm32f4xx_hal_rcc.o(.text.HAL_RCC_GetPCLK1Freq)
    [Anonymous Symbol]                       0x080014e4   Section        0  stm32f4xx_hal_rcc.o(.text.HAL_RCC_GetPCLK2Freq)
    [Anonymous Symbol]                       0x0800150c   Section        0  stm32f4xx_hal_rcc.o(.text.HAL_RCC_GetSysClockFreq)
    [Anonymous Symbol]                       0x08001578   Section        0  stm32f4xx_hal_rcc.o(.text.HAL_RCC_OscConfig)
    [Anonymous Symbol]                       0x080018ec   Section        0  stm32f4xx_hal_cortex.o(.text.HAL_SYSTICK_Config)
    [Anonymous Symbol]                       0x08001918   Section        0  stm32f4xx_hal_uart.o(.text.HAL_UART_Init)
    [Anonymous Symbol]                       0x08001978   Section        0  usart.o(.text.HAL_UART_MspInit)
    [Anonymous Symbol]                       0x080019e4   Section        0  stm32f4xx_hal_uart.o(.text.HAL_UART_Transmit)
    [Anonymous Symbol]                       0x08001c6c   Section        0  stm32f4xx_it.o(.text.HardFault_Handler)
    [Anonymous Symbol]                       0x08001c70   Section        0  gpio.o(.text.MX_GPIO_Init)
    [Anonymous Symbol]                       0x08001cbc   Section        0  usart.o(.text.MX_USART1_UART_Init)
    [Anonymous Symbol]                       0x08001cf8   Section        0  stm32f4xx_it.o(.text.MemManage_Handler)
    [Anonymous Symbol]                       0x08001cfc   Section        0  stm32f4xx_it.o(.text.NMI_Handler)
    [Anonymous Symbol]                       0x08001d00   Section        0  poe_formula.o(.text.POE_Formula_calc)
    [Anonymous Symbol]                       0x08001ed4   Section        0  poe_formula.o(.text.POE_Formula_init)
    [Anonymous Symbol]                       0x08001ef8   Section        0  stm32f4xx_it.o(.text.PendSV_Handler)
    [Anonymous Symbol]                       0x08001efc   Section        0  robotics.o(.text.Robotics_calc)
    [Anonymous Symbol]                       0x08002010   Section        0  robotics.o(.text.Robotics_init)
    [Anonymous Symbol]                       0x08002070   Section        0  robotics.o(.text.Robotics_print)
    [Anonymous Symbol]                       0x080020e8   Section        0  stm32f4xx_it.o(.text.SVC_Handler)
    [Anonymous Symbol]                       0x080020ec   Section        0  stm32f4xx_it.o(.text.SysTick_Handler)
    [Anonymous Symbol]                       0x080020f0   Section        0  main.o(.text.SystemClock_Config)
    [Anonymous Symbol]                       0x0800219c   Section        0  system_stm32f4xx.o(.text.SystemInit)
    UART_SetConfig                           0x080021b1   Thumb Code   238  stm32f4xx_hal_uart.o(.text.UART_SetConfig)
    [Anonymous Symbol]                       0x080021b0   Section        0  stm32f4xx_hal_uart.o(.text.UART_SetConfig)
    [Anonymous Symbol]                       0x080022a0   Section        0  ur5_controller.o(.text.UR5_Robot_init)
    [Anonymous Symbol]                       0x08002394   Section        0  stm32f4xx_it.o(.text.UsageFault_Handler)
    [Anonymous Symbol]                       0x08002398   Section        0  retarget.o(.text._sys_exit)
    [Anonymous Symbol]                       0x0800239c   Section        0  retarget.o(.text._ttywrch)
    [Anonymous Symbol]                       0x080023a0   Section        0  fastmathfunctions.o(.text.arm_cos_q15)
    [Anonymous Symbol]                       0x080023ec   Section        0  supportfunctions.o(.text.arm_float_to_q15)
    [Anonymous Symbol]                       0x080024e4   Section        0  matrixfunctions.o(.text.arm_mat_init_q15)
    [Anonymous Symbol]                       0x080024ec   Section        0  matrixfunctions.o(.text.arm_mat_mult_q15)
    [Anonymous Symbol]                       0x08002db4   Section        0  supportfunctions.o(.text.arm_q15_to_float)
    [Anonymous Symbol]                       0x08002ea0   Section        0  fastmathfunctions.o(.text.arm_sin_q15)
    [Anonymous Symbol]                       0x08002ee0   Section        0  retarget.o(.text.ferror)
    [Anonymous Symbol]                       0x08002ee8   Section        0  retarget.o(.text.fputc)
    [Anonymous Symbol]                       0x08002eec   Section        0  main.o(.text.main)
    [Anonymous Symbol]                       0x08002f44   Section        0  mymaths.o(.text.mat_q15_get)
    [Anonymous Symbol]                       0x08002f54   Section        0  mymaths.o(.text.mat_q15_set)
    [Anonymous Symbol]                       0x08002f64   Section        0  mymaths.o(.text.my_q15_to_float)
    [Anonymous Symbol]                       0x08002f80   Section        0  poe_formula.o(.text.new_POE_Formula)
    [Anonymous Symbol]                       0x0800301c   Section        0  robotics.o(.text.new_Robotics)
    [Anonymous Symbol]                       0x080030f4   Section        0  mymaths.o(.text.new_mat_q15)
    [Anonymous Symbol]                       0x080031a8   Section        0  usart.o(.text.sendchar)
    CL$$btod_d2e                             0x080031c8   Section       62  btod.o(CL$$btod_d2e)
    CL$$btod_d2e_denorm_low                  0x08003206   Section       70  btod.o(CL$$btod_d2e_denorm_low)
    CL$$btod_d2e_norm_op1                    0x0800324c   Section       96  btod.o(CL$$btod_d2e_norm_op1)
    CL$$btod_div_common                      0x080032ac   Section      824  btod.o(CL$$btod_div_common)
    CL$$btod_e2e                             0x080035e4   Section      220  btod.o(CL$$btod_e2e)
    CL$$btod_ediv                            0x080036c0   Section       42  btod.o(CL$$btod_ediv)
    CL$$btod_emul                            0x080036ea   Section       42  btod.o(CL$$btod_emul)
    CL$$btod_mult_common                     0x08003714   Section      580  btod.o(CL$$btod_mult_common)
    i.__ARM_fpclassify                       0x08003958   Section        0  fpclassify.o(i.__ARM_fpclassify)
    i._is_digit                              0x08003988   Section        0  __printf_wp.o(i._is_digit)
    locale$$code                             0x08003998   Section       44  lc_numeric_c.o(locale$$code)
    $v0                                      0x080039c4   Number         0  dretinf.o(x$fpl$dretinf)
    x$fpl$dretinf                            0x080039c4   Section       12  dretinf.o(x$fpl$dretinf)
    $v0                                      0x080039d0   Number         0  f2d.o(x$fpl$f2d)
    x$fpl$f2d                                0x080039d0   Section       86  f2d.o(x$fpl$f2d)
    $v0                                      0x08003a26   Number         0  fnaninf.o(x$fpl$fnaninf)
    x$fpl$fnaninf                            0x08003a26   Section      140  fnaninf.o(x$fpl$fnaninf)
    $v0                                      0x08003ab2   Number         0  fpinit.o(x$fpl$fpinit)
    x$fpl$fpinit                             0x08003ab2   Section       26  fpinit.o(x$fpl$fpinit)
    $v0                                      0x08003acc   Number         0  printf1.o(x$fpl$printf1)
    x$fpl$printf1                            0x08003acc   Section        4  printf1.o(x$fpl$printf1)
    maptable                                 0x08003ad0   Data          17  __printf_flags_wp.o(.constdata)
    .constdata                               0x08003ad0   Section       17  __printf_flags_wp.o(.constdata)
    x$fpl$usenofp                            0x08003ad0   Section        0  usenofp.o(x$fpl$usenofp)
    tenpwrs_x                                0x08003ae4   Data          60  bigflt0.o(.constdata)
    .constdata                               0x08003ae4   Section      148  bigflt0.o(.constdata)
    tenpwrs_i                                0x08003b20   Data          64  bigflt0.o(.constdata)
    .L__const.UR5_Robot_init.positions_f32   0x08003b78   Data          72  ur5_controller.o(.rodata..L__const.UR5_Robot_init.positions_f32)
    .Lstr                                    0x08003fda   Data          43  mymaths.o(.rodata.str1.1)
    [Anonymous Symbol]                       0x08003fda   Section        0  mymaths.o(.rodata.str1.1)
    locale$$data                             0x08004028   Section       28  lc_numeric_c.o(locale$$data)
    __lcnum_c_name                           0x0800402c   Data           2  lc_numeric_c.o(locale$$data)
    __lcnum_c_start                          0x08004034   Data           0  lc_numeric_c.o(locale$$data)
    __lcnum_c_point                          0x08004040   Data           0  lc_numeric_c.o(locale$$data)
    __lcnum_c_thousands                      0x08004042   Data           0  lc_numeric_c.o(locale$$data)
    __lcnum_c_grouping                       0x08004043   Data           0  lc_numeric_c.o(locale$$data)
    __lcnum_c_end                            0x08004044   Data           0  lc_numeric_c.o(locale$$data)
    .L_MergedGlobals                         0x20000000   Data           8  stm32f4xx_hal.o(.data..L_MergedGlobals)
    [Anonymous Symbol]                       0x20000000   Section        0  stm32f4xx_hal.o(.data..L_MergedGlobals)
    .bss                                     0x20000010   Section       96  libspace.o(.bss)
    Heap_Mem                                 0x20000110   Data       16384  startup_stm32f411xe.o(HEAP)
    HEAP                                     0x20000110   Section    16384  startup_stm32f411xe.o(HEAP)
    Stack_Mem                                0x20004110   Data        4096  startup_stm32f411xe.o(STACK)
    STACK                                    0x20004110   Section     4096  startup_stm32f411xe.o(STACK)
    __initial_sp                             0x20005110   Data           0  startup_stm32f411xe.o(STACK)

    Global Symbols

    Symbol Name                              Value     Ov Type        Size  Object(Section)

    BuildAttributes$$THM_ISAv4$E$P$D$K$B$S$7EM$VFPi3$EXTD16$VFPS$VFMA$PE$A:L22UL41UL21$X:L11$S22US41US21$IEEE1$IW$~IW$USESV6$~STKCKD$USESV7$~SHL$OTIME$ROPI$IEEEX$EBA8$UX$STANDARDLIB$REQ8$PRES8$EABIv2 0x00000000   Number         0  anon$$obj.o ABSOLUTE
    _printf_flags                            0x00000000   Number         0  printf_stubs.o ABSOLUTE
    _printf_return_value                     0x00000000   Number         0  printf_stubs.o ABSOLUTE
    _printf_sizespec                         0x00000000   Number         0  printf_stubs.o ABSOLUTE
    _printf_widthprec                        0x00000000   Number         0  printf_stubs.o ABSOLUTE
    __ARM_exceptions_init                     - Undefined Weak Reference
    __alloca_initialize                       - Undefined Weak Reference
    __arm_preinit_                            - Undefined Weak Reference
    __arm_relocate_pie_                       - Undefined Weak Reference
    __cpp_initialize__aeabi_                  - Undefined Weak Reference
    __cxa_finalize                            - Undefined Weak Reference
    __sigvec_lookup                           - Undefined Weak Reference
    __user_heap_extent                        - Undefined Weak Reference
    _atexit_init                              - Undefined Weak Reference
    _call_atexit_fns                          - Undefined Weak Reference
    _clock_init                               - Undefined Weak Reference
    _fp_trap_init                             - Undefined Weak Reference
    _fp_trap_shutdown                         - Undefined Weak Reference
    _get_lc_collate                           - Undefined Weak Reference
    _get_lc_ctype                             - Undefined Weak Reference
    _get_lc_monetary                          - Undefined Weak Reference
    _get_lc_time                              - Undefined Weak Reference
    _getenv_init                              - Undefined Weak Reference
    _handle_redirection                       - Undefined Weak Reference
    _initio                                   - Undefined Weak Reference
    _mutex_acquire                            - Undefined Weak Reference
    _mutex_free                               - Undefined Weak Reference
    _mutex_release                            - Undefined Weak Reference
    _printf_post_padding                      - Undefined Weak Reference
    _printf_pre_padding                       - Undefined Weak Reference
    _rand_init                                - Undefined Weak Reference
    _signal_finish                            - Undefined Weak Reference
    _signal_init                              - Undefined Weak Reference
    _terminateio                              - Undefined Weak Reference
    __Vectors_Size                           0x00000198   Number         0  startup_stm32f411xe.o ABSOLUTE
    __Vectors                                0x08000000   Data           4  startup_stm32f411xe.o(RESET)
    __Vectors_End                            0x08000198   Data           0  startup_stm32f411xe.o(RESET)
    __main                                   0x08000199   Thumb Code     8  __main.o(!!!main)
    __scatterload                            0x080001a1   Thumb Code     0  __scatter.o(!!!scatter)
    __scatterload_rt2                        0x080001a1   Thumb Code    44  __scatter.o(!!!scatter)
    __scatterload_rt2_thumb_only             0x080001a1   Thumb Code     0  __scatter.o(!!!scatter)
    __scatterload_null                       0x080001af   Thumb Code     0  __scatter.o(!!!scatter)
    __scatterload_copy                       0x080001d5   Thumb Code    26  __scatter_copy.o(!!handler_copy)
    __scatterload_zeroinit                   0x080001f1   Thumb Code    28  __scatter_zi.o(!!handler_zi)
    _printf_f                                0x0800020d   Thumb Code     0  _printf_f.o(.ARM.Collect$$_printf_percent$$00000003)
    _printf_percent                          0x0800020d   Thumb Code     0  _printf_percent.o(.ARM.Collect$$_printf_percent$$00000000)
    _printf_percent_end                      0x08000213   Thumb Code     0  _printf_percent_end.o(.ARM.Collect$$_printf_percent$$00000017)
    __rt_lib_init                            0x08000217   Thumb Code     0  libinit.o(.ARM.Collect$$libinit$$00000000)
    __rt_lib_init_fp_1                       0x08000219   Thumb Code     0  libinit2.o(.ARM.Collect$$libinit$$00000001)
    __rt_lib_init_heap_2                     0x0800021d   Thumb Code     0  libinit2.o(.ARM.Collect$$libinit$$00000007)
    __rt_lib_init_preinit_1                  0x0800021d   Thumb Code     0  libinit2.o(.ARM.Collect$$libinit$$00000006)
    __rt_lib_init_relocate_pie_1             0x0800021d   Thumb Code     0  libinit2.o(.ARM.Collect$$libinit$$00000004)
    __rt_lib_init_heap_1                     0x08000225   Thumb Code     0  libinit2.o(.ARM.Collect$$libinit$$0000000C)
    __rt_lib_init_lc_common                  0x08000225   Thumb Code     0  libinit2.o(.ARM.Collect$$libinit$$00000011)
    __rt_lib_init_rand_1                     0x08000225   Thumb Code     0  libinit2.o(.ARM.Collect$$libinit$$00000010)
    __rt_lib_init_user_alloc_1               0x08000225   Thumb Code     0  libinit2.o(.ARM.Collect$$libinit$$0000000E)
    __rt_lib_init_lc_collate_1               0x0800022b   Thumb Code     0  libinit2.o(.ARM.Collect$$libinit$$00000013)
    __rt_lib_init_lc_ctype_1                 0x0800022b   Thumb Code     0  libinit2.o(.ARM.Collect$$libinit$$00000015)
    __rt_lib_init_lc_monetary_1              0x0800022b   Thumb Code     0  libinit2.o(.ARM.Collect$$libinit$$00000017)
    __rt_lib_init_lc_numeric_2               0x0800022b   Thumb Code     0  libinit2.o(.ARM.Collect$$libinit$$00000018)
    __rt_lib_init_alloca_1                   0x08000235   Thumb Code     0  libinit2.o(.ARM.Collect$$libinit$$00000030)
    __rt_lib_init_argv_1                     0x08000235   Thumb Code     0  libinit2.o(.ARM.Collect$$libinit$$0000002E)
    __rt_lib_init_atexit_1                   0x08000235   Thumb Code     0  libinit2.o(.ARM.Collect$$libinit$$0000001D)
    __rt_lib_init_clock_1                    0x08000235   Thumb Code     0  libinit2.o(.ARM.Collect$$libinit$$00000023)
    __rt_lib_init_cpp_1                      0x08000235   Thumb Code     0  libinit2.o(.ARM.Collect$$libinit$$00000034)
    __rt_lib_init_exceptions_1               0x08000235   Thumb Code     0  libinit2.o(.ARM.Collect$$libinit$$00000032)
    __rt_lib_init_fp_trap_1                  0x08000235   Thumb Code     0  libinit2.o(.ARM.Collect$$libinit$$00000021)
    __rt_lib_init_getenv_1                   0x08000235   Thumb Code     0  libinit2.o(.ARM.Collect$$libinit$$00000025)
    __rt_lib_init_lc_numeric_1               0x08000235   Thumb Code     0  libinit2.o(.ARM.Collect$$libinit$$00000019)
    __rt_lib_init_lc_time_1                  0x08000235   Thumb Code     0  libinit2.o(.ARM.Collect$$libinit$$0000001B)
    __rt_lib_init_return                     0x08000235   Thumb Code     0  libinit2.o(.ARM.Collect$$libinit$$00000035)
    __rt_lib_init_signal_1                   0x08000235   Thumb Code     0  libinit2.o(.ARM.Collect$$libinit$$0000001F)
    __rt_lib_init_stdio_1                    0x08000235   Thumb Code     0  libinit2.o(.ARM.Collect$$libinit$$00000027)
    __rt_lib_shutdown                        0x08000237   Thumb Code     0  libshutdown.o(.ARM.Collect$$libshutdown$$00000000)
    __rt_lib_shutdown_cpp_1                  0x08000239   Thumb Code     0  libshutdown2.o(.ARM.Collect$$libshutdown$$00000002)
    __rt_lib_shutdown_fp_trap_1              0x08000239   Thumb Code     0  libshutdown2.o(.ARM.Collect$$libshutdown$$00000007)
    __rt_lib_shutdown_heap_1                 0x08000239   Thumb Code     0  libshutdown2.o(.ARM.Collect$$libshutdown$$0000000F)
    __rt_lib_shutdown_return                 0x08000239   Thumb Code     0  libshutdown2.o(.ARM.Collect$$libshutdown$$00000010)
    __rt_lib_shutdown_signal_1               0x08000239   Thumb Code     0  libshutdown2.o(.ARM.Collect$$libshutdown$$0000000A)
    __rt_lib_shutdown_stdio_1                0x08000239   Thumb Code     0  libshutdown2.o(.ARM.Collect$$libshutdown$$00000004)
    __rt_lib_shutdown_user_alloc_1           0x08000239   Thumb Code     0  libshutdown2.o(.ARM.Collect$$libshutdown$$0000000C)
    __rt_entry                               0x0800023b   Thumb Code     0  __rtentry.o(.ARM.Collect$$rtentry$$00000000)
    __rt_entry_presh_1                       0x0800023b   Thumb Code     0  __rtentry2.o(.ARM.Collect$$rtentry$$00000002)
    __rt_entry_sh                            0x0800023b   Thumb Code     0  __rtentry4.o(.ARM.Collect$$rtentry$$00000004)
    __rt_entry_li                            0x08000241   Thumb Code     0  __rtentry2.o(.ARM.Collect$$rtentry$$0000000A)
    __rt_entry_postsh_1                      0x08000241   Thumb Code     0  __rtentry2.o(.ARM.Collect$$rtentry$$00000009)
    __rt_entry_main                          0x08000245   Thumb Code     0  __rtentry2.o(.ARM.Collect$$rtentry$$0000000D)
    __rt_entry_postli_1                      0x08000245   Thumb Code     0  __rtentry2.o(.ARM.Collect$$rtentry$$0000000C)
    __rt_exit                                0x0800024d   Thumb Code     0  rtexit.o(.ARM.Collect$$rtexit$$00000000)
    __rt_exit_ls                             0x0800024f   Thumb Code     0  rtexit2.o(.ARM.Collect$$rtexit$$00000003)
    __rt_exit_prels_1                        0x0800024f   Thumb Code     0  rtexit2.o(.ARM.Collect$$rtexit$$00000002)
    __rt_exit_exit                           0x08000253   Thumb Code     0  rtexit2.o(.ARM.Collect$$rtexit$$00000004)
    Reset_Handler                            0x08000259   Thumb Code     8  startup_stm32f411xe.o(.text)
    ADC_IRQHandler                           0x08000273   Thumb Code     0  startup_stm32f411xe.o(.text)
    DMA1_Stream0_IRQHandler                  0x08000273   Thumb Code     0  startup_stm32f411xe.o(.text)
    DMA1_Stream1_IRQHandler                  0x08000273   Thumb Code     0  startup_stm32f411xe.o(.text)
    DMA1_Stream2_IRQHandler                  0x08000273   Thumb Code     0  startup_stm32f411xe.o(.text)
    DMA1_Stream3_IRQHandler                  0x08000273   Thumb Code     0  startup_stm32f411xe.o(.text)
    DMA1_Stream4_IRQHandler                  0x08000273   Thumb Code     0  startup_stm32f411xe.o(.text)
    DMA1_Stream5_IRQHandler                  0x08000273   Thumb Code     0  startup_stm32f411xe.o(.text)
    DMA1_Stream6_IRQHandler                  0x08000273   Thumb Code     0  startup_stm32f411xe.o(.text)
    DMA1_Stream7_IRQHandler                  0x08000273   Thumb Code     0  startup_stm32f411xe.o(.text)
    DMA2_Stream0_IRQHandler                  0x08000273   Thumb Code     0  startup_stm32f411xe.o(.text)
    DMA2_Stream1_IRQHandler                  0x08000273   Thumb Code     0  startup_stm32f411xe.o(.text)
    DMA2_Stream2_IRQHandler                  0x08000273   Thumb Code     0  startup_stm32f411xe.o(.text)
    DMA2_Stream3_IRQHandler                  0x08000273   Thumb Code     0  startup_stm32f411xe.o(.text)
    DMA2_Stream4_IRQHandler                  0x08000273   Thumb Code     0  startup_stm32f411xe.o(.text)
    DMA2_Stream5_IRQHandler                  0x08000273   Thumb Code     0  startup_stm32f411xe.o(.text)
    DMA2_Stream6_IRQHandler                  0x08000273   Thumb Code     0  startup_stm32f411xe.o(.text)
    DMA2_Stream7_IRQHandler                  0x08000273   Thumb Code     0  startup_stm32f411xe.o(.text)
    EXTI0_IRQHandler                         0x08000273   Thumb Code     0  startup_stm32f411xe.o(.text)
    EXTI15_10_IRQHandler                     0x08000273   Thumb Code     0  startup_stm32f411xe.o(.text)
    EXTI1_IRQHandler                         0x08000273   Thumb Code     0  startup_stm32f411xe.o(.text)
    EXTI2_IRQHandler                         0x08000273   Thumb Code     0  startup_stm32f411xe.o(.text)
    EXTI3_IRQHandler                         0x08000273   Thumb Code     0  startup_stm32f411xe.o(.text)
    EXTI4_IRQHandler                         0x08000273   Thumb Code     0  startup_stm32f411xe.o(.text)
    EXTI9_5_IRQHandler                       0x08000273   Thumb Code     0  startup_stm32f411xe.o(.text)
    FLASH_IRQHandler                         0x08000273   Thumb Code     0  startup_stm32f411xe.o(.text)
    FPU_IRQHandler                           0x08000273   Thumb Code     0  startup_stm32f411xe.o(.text)
    I2C1_ER_IRQHandler                       0x08000273   Thumb Code     0  startup_stm32f411xe.o(.text)
    I2C1_EV_IRQHandler                       0x08000273   Thumb Code     0  startup_stm32f411xe.o(.text)
    I2C2_ER_IRQHandler                       0x08000273   Thumb Code     0  startup_stm32f411xe.o(.text)
    I2C2_EV_IRQHandler                       0x08000273   Thumb Code     0  startup_stm32f411xe.o(.text)
    I2C3_ER_IRQHandler                       0x08000273   Thumb Code     0  startup_stm32f411xe.o(.text)
    I2C3_EV_IRQHandler                       0x08000273   Thumb Code     0  startup_stm32f411xe.o(.text)
    OTG_FS_IRQHandler                        0x08000273   Thumb Code     0  startup_stm32f411xe.o(.text)
    OTG_FS_WKUP_IRQHandler                   0x08000273   Thumb Code     0  startup_stm32f411xe.o(.text)
    PVD_IRQHandler                           0x08000273   Thumb Code     0  startup_stm32f411xe.o(.text)
    RCC_IRQHandler                           0x08000273   Thumb Code     0  startup_stm32f411xe.o(.text)
    RTC_Alarm_IRQHandler                     0x08000273   Thumb Code     0  startup_stm32f411xe.o(.text)
    RTC_WKUP_IRQHandler                      0x08000273   Thumb Code     0  startup_stm32f411xe.o(.text)
    SDIO_IRQHandler                          0x08000273   Thumb Code     0  startup_stm32f411xe.o(.text)
    SPI1_IRQHandler                          0x08000273   Thumb Code     0  startup_stm32f411xe.o(.text)
    SPI2_IRQHandler                          0x08000273   Thumb Code     0  startup_stm32f411xe.o(.text)
    SPI3_IRQHandler                          0x08000273   Thumb Code     0  startup_stm32f411xe.o(.text)
    SPI4_IRQHandler                          0x08000273   Thumb Code     0  startup_stm32f411xe.o(.text)
    SPI5_IRQHandler                          0x08000273   Thumb Code     0  startup_stm32f411xe.o(.text)
    TAMP_STAMP_IRQHandler                    0x08000273   Thumb Code     0  startup_stm32f411xe.o(.text)
    TIM1_BRK_TIM9_IRQHandler                 0x08000273   Thumb Code     0  startup_stm32f411xe.o(.text)
    TIM1_CC_IRQHandler                       0x08000273   Thumb Code     0  startup_stm32f411xe.o(.text)
    TIM1_TRG_COM_TIM11_IRQHandler            0x08000273   Thumb Code     0  startup_stm32f411xe.o(.text)
    TIM1_UP_TIM10_IRQHandler                 0x08000273   Thumb Code     0  startup_stm32f411xe.o(.text)
    TIM2_IRQHandler                          0x08000273   Thumb Code     0  startup_stm32f411xe.o(.text)
    TIM3_IRQHandler                          0x08000273   Thumb Code     0  startup_stm32f411xe.o(.text)
    TIM4_IRQHandler                          0x08000273   Thumb Code     0  startup_stm32f411xe.o(.text)
    TIM5_IRQHandler                          0x08000273   Thumb Code     0  startup_stm32f411xe.o(.text)
    USART1_IRQHandler                        0x08000273   Thumb Code     0  startup_stm32f411xe.o(.text)
    USART2_IRQHandler                        0x08000273   Thumb Code     0  startup_stm32f411xe.o(.text)
    USART6_IRQHandler                        0x08000273   Thumb Code     0  startup_stm32f411xe.o(.text)
    WWDG_IRQHandler                          0x08000273   Thumb Code     0  startup_stm32f411xe.o(.text)
    __user_initial_stackheap                 0x08000275   Thumb Code     0  startup_stm32f411xe.o(.text)
    __use_no_semihosting                     0x08000299   Thumb Code     2  use_no_semi_2.o(.text)
    calloc                                   0x0800029b   Thumb Code    40  calloc.o(.text)
    malloc                                   0x080002c3   Thumb Code    94  h1_alloc.o(.text)
    __aeabi_uldivmod                         0x08000321   Thumb Code     0  lludivv7m.o(.text)
    _ll_udiv                                 0x08000321   Thumb Code   240  lludivv7m.o(.text)
    __2printf                                0x08000411   Thumb Code    20  noretval__2printf.o(.text)
    __printf                                 0x08000429   Thumb Code   308  __printf_flags_wp.o(.text)
    puts                                     0x08000561   Thumb Code    40  puts.o(.text)
    __aeabi_memcpy                           0x0800058d   Thumb Code     0  rt_memcpy_v6.o(.text)
    __rt_memcpy                              0x0800058d   Thumb Code   138  rt_memcpy_v6.o(.text)
    _memcpy_lastbytes                        0x080005f3   Thumb Code     0  rt_memcpy_v6.o(.text)
    __aeabi_memcpy4                          0x08000617   Thumb Code     0  rt_memcpy_w.o(.text)
    __aeabi_memcpy8                          0x08000617   Thumb Code     0  rt_memcpy_w.o(.text)
    __rt_memcpy_w                            0x08000617   Thumb Code   100  rt_memcpy_w.o(.text)
    _memcpy_lastbytes_aligned                0x0800065f   Thumb Code     0  rt_memcpy_w.o(.text)
    __aeabi_memclr                           0x0800067b   Thumb Code     0  rt_memclr.o(.text)
    __rt_memclr                              0x0800067b   Thumb Code     0  rt_memclr.o(.text)
    _memset                                  0x0800067f   Thumb Code    64  rt_memclr.o(.text)
    __aeabi_memclr4                          0x080006bf   Thumb Code     0  rt_memclr_w.o(.text)
    __aeabi_memclr8                          0x080006bf   Thumb Code     0  rt_memclr_w.o(.text)
    __rt_memclr_w                            0x080006bf   Thumb Code     0  rt_memclr_w.o(.text)
    _memset_w                                0x080006c3   Thumb Code    74  rt_memclr_w.o(.text)
    __use_two_region_memory                  0x0800070d   Thumb Code     2  heapauxi.o(.text)
    __rt_heap_escrow                         0x0800070f   Thumb Code     2  heapauxi.o(.text)
    __rt_heap_expand                         0x08000711   Thumb Code     2  heapauxi.o(.text)
    __I$use$semihosting                      0x08000713   Thumb Code     0  use_no_semi.o(.text)
    __use_no_semihosting_swi                 0x08000713   Thumb Code     2  use_no_semi.o(.text)
    __rt_heap_descriptor                     0x08000715   Thumb Code     8  rt_heap_descriptor_intlibspace.o(.text)
    __use_no_heap                            0x0800071d   Thumb Code     2  hguard.o(.text)
    __heap$guard                             0x0800071f   Thumb Code     2  hguard.o(.text)
    _terminate_user_alloc                    0x08000721   Thumb Code     2  init_alloc.o(.text)
    _init_user_alloc                         0x08000723   Thumb Code     2  init_alloc.o(.text)
    __Heap_Full                              0x08000725   Thumb Code    34  init_alloc.o(.text)
    __Heap_Broken                            0x08000747   Thumb Code     6  init_alloc.o(.text)
    _init_alloc                              0x0800074d   Thumb Code    94  init_alloc.o(.text)
    __Heap_Initialize                        0x080007ab   Thumb Code    10  h1_init.o(.text)
    __Heap_DescSize                          0x080007b5   Thumb Code     4  h1_init.o(.text)
    free                                     0x080007b9   Thumb Code    78  h1_free.o(.text)
    _printf_fp_dec_real                      0x080009b7   Thumb Code   620  _printf_fp_dec.o(.text)
    _printf_char_file                        0x08000c25   Thumb Code    32  _printf_char_file.o(.text)
    __user_libspace                          0x08000c49   Thumb Code     8  libspace.o(.text)
    __user_perproc_libspace                  0x08000c49   Thumb Code     0  libspace.o(.text)
    __user_perthread_libspace                0x08000c49   Thumb Code     0  libspace.o(.text)
    __rt_locale                              0x08000c51   Thumb Code     8  rt_locale_intlibspace.o(.text)
    __Heap_ProvideMemory                     0x08000c59   Thumb Code    52  h1_extend.o(.text)
    _maybe_terminate_alloc                   0x08000c59   Thumb Code     0  maybetermalloc1.o(.text)
    _ll_udiv10                               0x08000c8d   Thumb Code   138  lludiv10.o(.text)
    _printf_char_common                      0x08000d23   Thumb Code    32  _printf_char_common.o(.text)
    _printf_fp_infnan                        0x08000d49   Thumb Code   112  _printf_fp_infnan.o(.text)
    _btod_etento                             0x08000dc9   Thumb Code   224  bigflt0.o(.text)
    __rt_SIGRTMEM                            0x08000ead   Thumb Code    14  defsig_rtmem_outer.o(.text)
    __user_setup_stackheap                   0x08000ebb   Thumb Code    74  sys_stackheap_outer.o(.text)
    exit                                     0x08000f05   Thumb Code    18  exit.o(.text)
    __sig_exit                               0x08000f17   Thumb Code    10  defsig_exit.o(.text)
    __rt_SIGRTMEM_inner                      0x08000f21   Thumb Code    22  defsig_rtmem_inner.o(.text)
    strcmp                                   0x08000f71   Thumb Code   124  strcmpv7em.o(.text)
    __default_signal_display                 0x08000fed   Thumb Code    50  defsig_general.o(.text)
    BusFault_Handler                         0x08001021   Thumb Code     2  stm32f4xx_it.o(.text.BusFault_Handler)
    DebugMon_Handler                         0x08001025   Thumb Code     2  stm32f4xx_it.o(.text.DebugMon_Handler)
    Error_Handler                            0x08001029   Thumb Code    10  main.o(.text.Error_Handler)
    HAL_Delay                                0x08001035   Thumb Code    40  stm32f4xx_hal.o(.text.HAL_Delay)
    HAL_GPIO_Init                            0x0800105d   Thumb Code   422  stm32f4xx_hal_gpio.o(.text.HAL_GPIO_Init)
    HAL_GetTick                              0x08001205   Thumb Code    12  stm32f4xx_hal.o(.text.HAL_GetTick)
    HAL_IncTick                              0x08001211   Thumb Code    26  stm32f4xx_hal.o(.text.HAL_IncTick)
    HAL_Init                                 0x0800122d   Thumb Code    54  stm32f4xx_hal.o(.text.HAL_Init)
    HAL_InitTick                             0x08001265   Thumb Code    72  stm32f4xx_hal.o(.text.HAL_InitTick)
    HAL_MspInit                              0x080012ad   Thumb Code    56  stm32f4xx_hal_msp.o(.text.HAL_MspInit)
    HAL_NVIC_SetPriority                     0x080012e5   Thumb Code    86  stm32f4xx_hal_cortex.o(.text.HAL_NVIC_SetPriority)
    HAL_NVIC_SetPriorityGrouping             0x0800133d   Thumb Code    32  stm32f4xx_hal_cortex.o(.text.HAL_NVIC_SetPriorityGrouping)
    HAL_RCC_ClockConfig                      0x0800135d   Thumb Code   352  stm32f4xx_hal_rcc.o(.text.HAL_RCC_ClockConfig)
    HAL_RCC_GetPCLK1Freq                     0x080014bd   Thumb Code    38  stm32f4xx_hal_rcc.o(.text.HAL_RCC_GetPCLK1Freq)
    HAL_RCC_GetPCLK2Freq                     0x080014e5   Thumb Code    38  stm32f4xx_hal_rcc.o(.text.HAL_RCC_GetPCLK2Freq)
    HAL_RCC_GetSysClockFreq                  0x0800150d   Thumb Code   106  stm32f4xx_hal_rcc.o(.text.HAL_RCC_GetSysClockFreq)
    HAL_RCC_OscConfig                        0x08001579   Thumb Code   884  stm32f4xx_hal_rcc.o(.text.HAL_RCC_OscConfig)
    HAL_SYSTICK_Config                       0x080018ed   Thumb Code    44  stm32f4xx_hal_cortex.o(.text.HAL_SYSTICK_Config)
    HAL_UART_Init                            0x08001919   Thumb Code    94  stm32f4xx_hal_uart.o(.text.HAL_UART_Init)
    HAL_UART_MspInit                         0x08001979   Thumb Code   108  usart.o(.text.HAL_UART_MspInit)
    HAL_UART_Transmit                        0x080019e5   Thumb Code   646  stm32f4xx_hal_uart.o(.text.HAL_UART_Transmit)
    HardFault_Handler                        0x08001c6d   Thumb Code     2  stm32f4xx_it.o(.text.HardFault_Handler)
    MX_GPIO_Init                             0x08001c71   Thumb Code    76  gpio.o(.text.MX_GPIO_Init)
    MX_USART1_UART_Init                      0x08001cbd   Thumb Code    60  usart.o(.text.MX_USART1_UART_Init)
    MemManage_Handler                        0x08001cf9   Thumb Code     2  stm32f4xx_it.o(.text.MemManage_Handler)
    NMI_Handler                              0x08001cfd   Thumb Code     2  stm32f4xx_it.o(.text.NMI_Handler)
    POE_Formula_calc                         0x08001d01   Thumb Code   468  poe_formula.o(.text.POE_Formula_calc)
    POE_Formula_init                         0x08001ed5   Thumb Code    34  poe_formula.o(.text.POE_Formula_init)
    PendSV_Handler                           0x08001ef9   Thumb Code     2  stm32f4xx_it.o(.text.PendSV_Handler)
    Robotics_calc                            0x08001efd   Thumb Code   274  robotics.o(.text.Robotics_calc)
    Robotics_init                            0x08002011   Thumb Code    96  robotics.o(.text.Robotics_init)
    Robotics_print                           0x08002071   Thumb Code   100  robotics.o(.text.Robotics_print)
    SVC_Handler                              0x080020e9   Thumb Code     2  stm32f4xx_it.o(.text.SVC_Handler)
    SysTick_Handler                          0x080020ed   Thumb Code     4  stm32f4xx_it.o(.text.SysTick_Handler)
    SystemClock_Config                       0x080020f1   Thumb Code   172  main.o(.text.SystemClock_Config)
    SystemInit                               0x0800219d   Thumb Code    18  system_stm32f4xx.o(.text.SystemInit)
    UR5_Robot_init                           0x080022a1   Thumb Code   244  ur5_controller.o(.text.UR5_Robot_init)
    UsageFault_Handler                       0x08002395   Thumb Code     2  stm32f4xx_it.o(.text.UsageFault_Handler)
    _sys_exit                                0x08002399   Thumb Code     2  retarget.o(.text._sys_exit)
    _ttywrch                                 0x0800239d   Thumb Code     4  retarget.o(.text._ttywrch)
    arm_cos_q15                              0x080023a1   Thumb Code    76  fastmathfunctions.o(.text.arm_cos_q15)
    arm_float_to_q15                         0x080023ed   Thumb Code   248  supportfunctions.o(.text.arm_float_to_q15)
    arm_mat_init_q15                         0x080024e5   Thumb Code     8  matrixfunctions.o(.text.arm_mat_init_q15)
    arm_mat_mult_q15                         0x080024ed   Thumb Code  2248  matrixfunctions.o(.text.arm_mat_mult_q15)
    arm_q15_to_float                         0x08002db5   Thumb Code   236  supportfunctions.o(.text.arm_q15_to_float)
    arm_sin_q15                              0x08002ea1   Thumb Code    62  fastmathfunctions.o(.text.arm_sin_q15)
    ferror                                   0x08002ee1   Thumb Code     6  retarget.o(.text.ferror)
    fputc                                    0x08002ee9   Thumb Code     4  retarget.o(.text.fputc)
    main                                     0x08002eed   Thumb Code    86  main.o(.text.main)
    mat_q15_get                              0x08002f45   Thumb Code    14  mymaths.o(.text.mat_q15_get)
    mat_q15_set                              0x08002f55   Thumb Code    16  mymaths.o(.text.mat_q15_set)
    my_q15_to_float                          0x08002f65   Thumb Code    28  mymaths.o(.text.my_q15_to_float)
    new_POE_Formula                          0x08002f81   Thumb Code    64  poe_formula.o(.text.new_POE_Formula)
    new_Robotics                             0x0800301d   Thumb Code   132  robotics.o(.text.new_Robotics)
    new_mat_q15                              0x080030f5   Thumb Code    84  mymaths.o(.text.new_mat_q15)
    sendchar                                 0x080031a9   Thumb Code    32  usart.o(.text.sendchar)
    _btod_d2e                                0x080031c9   Thumb Code    62  btod.o(CL$$btod_d2e)
    _d2e_denorm_low                          0x08003207   Thumb Code    70  btod.o(CL$$btod_d2e_denorm_low)
    _d2e_norm_op1                            0x0800324d   Thumb Code    96  btod.o(CL$$btod_d2e_norm_op1)
    __btod_div_common                        0x080032ad   Thumb Code   696  btod.o(CL$$btod_div_common)
    _e2e                                     0x080035e5   Thumb Code   220  btod.o(CL$$btod_e2e)
    _btod_ediv                               0x080036c1   Thumb Code    42  btod.o(CL$$btod_ediv)
    _btod_emul                               0x080036eb   Thumb Code    42  btod.o(CL$$btod_emul)
    __btod_mult_common                       0x08003715   Thumb Code   580  btod.o(CL$$btod_mult_common)
    __ARM_fpclassify                         0x08003959   Thumb Code    48  fpclassify.o(i.__ARM_fpclassify)
    _is_digit                                0x08003989   Thumb Code    14  __printf_wp.o(i._is_digit)
    _get_lc_numeric                          0x08003999   Thumb Code    44  lc_numeric_c.o(locale$$code)
    __fpl_dretinf                            0x080039c5   Thumb Code    12  dretinf.o(x$fpl$dretinf)
    __aeabi_f2d                              0x080039d1   Thumb Code     0  f2d.o(x$fpl$f2d)
    _f2d                                     0x080039d1   Thumb Code    86  f2d.o(x$fpl$f2d)
    __fpl_fnaninf                            0x08003a27   Thumb Code   140  fnaninf.o(x$fpl$fnaninf)
    _fp_init                                 0x08003ab3   Thumb Code    26  fpinit.o(x$fpl$fpinit)
    __fplib_config_fpu_vfp                   0x08003acb   Thumb Code     0  fpinit.o(x$fpl$fpinit)
    __fplib_config_pureend_doubles           0x08003acb   Thumb Code     0  fpinit.o(x$fpl$fpinit)
    _printf_fp_dec                           0x08003acd   Thumb Code     4  printf1.o(x$fpl$printf1)
    __I$use$fp                               0x08003ad0   Number         0  usenofp.o(x$fpl$usenofp)
    AHBPrescTable                            0x08003bc0   Data          16  system_stm32f4xx.o(.rodata.AHBPrescTable)
    APBPrescTable                            0x08003bd0   Data           8  system_stm32f4xx.o(.rodata.APBPrescTable)
    sinTable_q15                             0x08003bd8   Data        1026  commontables.o(.rodata.sinTable_q15)
    Region$$Table$$Base                      0x08004008   Number         0  anon$$obj.o(Region$$Table)
    Region$$Table$$Limit                     0x08004028   Number         0  anon$$obj.o(Region$$Table)
    uwTickFreq                               0x20000000   Data           1  stm32f4xx_hal.o(.data..L_MergedGlobals)
    uwTickPrio                               0x20000004   Data           4  stm32f4xx_hal.o(.data..L_MergedGlobals)
    SystemCoreClock                          0x20000008   Data           4  system_stm32f4xx.o(.data.SystemCoreClock)
    __libspace_start                         0x20000010   Data          96  libspace.o(.bss)
    UR5_Robot                                0x20000070   Data           4  ur5_controller.o(.bss.UR5_Robot)
    __temporary_stack_top$libspace           0x20000070   Data           0  libspace.o(.bss)
    __stdout                                 0x20000074   Data          84  retarget.o(.bss.__stdout)
    huart1                                   0x200000c8   Data          68  usart.o(.bss.huart1)
    uwTick                                   0x2000010c   Data           4  stm32f4xx_hal.o(.bss.uwTick)



==============================================================================

Memory Map of the image

  Image Entry point : 0x08000199

  Load Region LR_IROM1 (Base: 0x08000000, Size: 0x00004058, Max: 0x00080000, ABSOLUTE)

    Execution Region ER_IROM1 (Exec base: 0x08000000, Load base: 0x08000000, Size: 0x00004044, Max: 0x00080000, ABSOLUTE)

    Exec Addr    Load Addr    Size         Type   Attr      Idx    E Section Name        Object

    0x08000000   0x08000000   0x00000198   Data   RO            3    RESET               startup_stm32f411xe.o
    0x08000198   0x08000198   0x00000008   Code   RO         2552  * !!!main             c_w.l(__main.o)
    0x080001a0   0x080001a0   0x00000034   Code   RO         2979    !!!scatter          c_w.l(__scatter.o)
    0x080001d4   0x080001d4   0x0000001a   Code   RO         2981    !!handler_copy      c_w.l(__scatter_copy.o)
    0x080001ee   0x080001ee   0x00000002   PAD
    0x080001f0   0x080001f0   0x0000001c   Code   RO         2983    !!handler_zi        c_w.l(__scatter_zi.o)
    0x0800020c   0x0800020c   0x00000000   Code   RO         2537    .ARM.Collect$$_printf_percent$$00000000  c_w.l(_printf_percent.o)
    0x0800020c   0x0800020c   0x00000006   Code   RO         2536    .ARM.Collect$$_printf_percent$$00000003  c_w.l(_printf_f.o)
    0x08000212   0x08000212   0x00000004   Code   RO         2689    .ARM.Collect$$_printf_percent$$00000017  c_w.l(_printf_percent_end.o)
    0x08000216   0x08000216   0x00000002   Code   RO         2920    .ARM.Collect$$libinit$$00000000  c_w.l(libinit.o)
    0x08000218   0x08000218   0x00000004   Code   RO         2692    .ARM.Collect$$libinit$$00000001  c_w.l(libinit2.o)
    0x0800021c   0x0800021c   0x00000000   Code   RO         2695    .ARM.Collect$$libinit$$00000004  c_w.l(libinit2.o)
    0x0800021c   0x0800021c   0x00000000   Code   RO         2697    .ARM.Collect$$libinit$$00000006  c_w.l(libinit2.o)
    0x0800021c   0x0800021c   0x00000008   Code   RO         2698    .ARM.Collect$$libinit$$00000007  c_w.l(libinit2.o)
    0x08000224   0x08000224   0x00000000   Code   RO         2700    .ARM.Collect$$libinit$$0000000C  c_w.l(libinit2.o)
    0x08000224   0x08000224   0x00000000   Code   RO         2702    .ARM.Collect$$libinit$$0000000E  c_w.l(libinit2.o)
    0x08000224   0x08000224   0x00000000   Code   RO         2704    .ARM.Collect$$libinit$$00000010  c_w.l(libinit2.o)
    0x08000224   0x08000224   0x00000006   Code   RO         2705    .ARM.Collect$$libinit$$00000011  c_w.l(libinit2.o)
    0x0800022a   0x0800022a   0x00000000   Code   RO         2707    .ARM.Collect$$libinit$$00000013  c_w.l(libinit2.o)
    0x0800022a   0x0800022a   0x00000000   Code   RO         2709    .ARM.Collect$$libinit$$00000015  c_w.l(libinit2.o)
    0x0800022a   0x0800022a   0x00000000   Code   RO         2711    .ARM.Collect$$libinit$$00000017  c_w.l(libinit2.o)
    0x0800022a   0x0800022a   0x0000000a   Code   RO         2712    .ARM.Collect$$libinit$$00000018  c_w.l(libinit2.o)
    0x08000234   0x08000234   0x00000000   Code   RO         2713    .ARM.Collect$$libinit$$00000019  c_w.l(libinit2.o)
    0x08000234   0x08000234   0x00000000   Code   RO         2715    .ARM.Collect$$libinit$$0000001B  c_w.l(libinit2.o)
    0x08000234   0x08000234   0x00000000   Code   RO         2717    .ARM.Collect$$libinit$$0000001D  c_w.l(libinit2.o)
    0x08000234   0x08000234   0x00000000   Code   RO         2719    .ARM.Collect$$libinit$$0000001F  c_w.l(libinit2.o)
    0x08000234   0x08000234   0x00000000   Code   RO         2721    .ARM.Collect$$libinit$$00000021  c_w.l(libinit2.o)
    0x08000234   0x08000234   0x00000000   Code   RO         2723    .ARM.Collect$$libinit$$00000023  c_w.l(libinit2.o)
    0x08000234   0x08000234   0x00000000   Code   RO         2725    .ARM.Collect$$libinit$$00000025  c_w.l(libinit2.o)
    0x08000234   0x08000234   0x00000000   Code   RO         2727    .ARM.Collect$$libinit$$00000027  c_w.l(libinit2.o)
    0x08000234   0x08000234   0x00000000   Code   RO         2731    .ARM.Collect$$libinit$$0000002E  c_w.l(libinit2.o)
    0x08000234   0x08000234   0x00000000   Code   RO         2733    .ARM.Collect$$libinit$$00000030  c_w.l(libinit2.o)
    0x08000234   0x08000234   0x00000000   Code   RO         2735    .ARM.Collect$$libinit$$00000032  c_w.l(libinit2.o)
    0x08000234   0x08000234   0x00000000   Code   RO         2737    .ARM.Collect$$libinit$$00000034  c_w.l(libinit2.o)
    0x08000234   0x08000234   0x00000002   Code   RO         2738    .ARM.Collect$$libinit$$00000035  c_w.l(libinit2.o)
    0x08000236   0x08000236   0x00000002   Code   RO         2976    .ARM.Collect$$libshutdown$$00000000  c_w.l(libshutdown.o)
    0x08000238   0x08000238   0x00000000   Code   RO         2936    .ARM.Collect$$libshutdown$$00000002  c_w.l(libshutdown2.o)
    0x08000238   0x08000238   0x00000000   Code   RO         2938    .ARM.Collect$$libshutdown$$00000004  c_w.l(libshutdown2.o)
    0x08000238   0x08000238   0x00000000   Code   RO         2941    .ARM.Collect$$libshutdown$$00000007  c_w.l(libshutdown2.o)
    0x08000238   0x08000238   0x00000000   Code   RO         2944    .ARM.Collect$$libshutdown$$0000000A  c_w.l(libshutdown2.o)
    0x08000238   0x08000238   0x00000000   Code   RO         2946    .ARM.Collect$$libshutdown$$0000000C  c_w.l(libshutdown2.o)
    0x08000238   0x08000238   0x00000000   Code   RO         2949    .ARM.Collect$$libshutdown$$0000000F  c_w.l(libshutdown2.o)
    0x08000238   0x08000238   0x00000002   Code   RO         2950    .ARM.Collect$$libshutdown$$00000010  c_w.l(libshutdown2.o)
    0x0800023a   0x0800023a   0x00000000   Code   RO         2647    .ARM.Collect$$rtentry$$00000000  c_w.l(__rtentry.o)
    0x0800023a   0x0800023a   0x00000000   Code   RO         2805    .ARM.Collect$$rtentry$$00000002  c_w.l(__rtentry2.o)
    0x0800023a   0x0800023a   0x00000006   Code   RO         2817    .ARM.Collect$$rtentry$$00000004  c_w.l(__rtentry4.o)
    0x08000240   0x08000240   0x00000000   Code   RO         2807    .ARM.Collect$$rtentry$$00000009  c_w.l(__rtentry2.o)
    0x08000240   0x08000240   0x00000004   Code   RO         2808    .ARM.Collect$$rtentry$$0000000A  c_w.l(__rtentry2.o)
    0x08000244   0x08000244   0x00000000   Code   RO         2810    .ARM.Collect$$rtentry$$0000000C  c_w.l(__rtentry2.o)
    0x08000244   0x08000244   0x00000008   Code   RO         2811    .ARM.Collect$$rtentry$$0000000D  c_w.l(__rtentry2.o)
    0x0800024c   0x0800024c   0x00000002   Code   RO         2921    .ARM.Collect$$rtexit$$00000000  c_w.l(rtexit.o)
    0x0800024e   0x0800024e   0x00000000   Code   RO         2952    .ARM.Collect$$rtexit$$00000002  c_w.l(rtexit2.o)
    0x0800024e   0x0800024e   0x00000004   Code   RO         2953    .ARM.Collect$$rtexit$$00000003  c_w.l(rtexit2.o)
    0x08000252   0x08000252   0x00000006   Code   RO         2954    .ARM.Collect$$rtexit$$00000004  c_w.l(rtexit2.o)
    0x08000258   0x08000258   0x00000040   Code   RO            4    .text               startup_stm32f411xe.o
    0x08000298   0x08000298   0x00000002   Code   RO         2446    .text               c_w.l(use_no_semi_2.o)
    0x0800029a   0x0800029a   0x00000028   Code   RO         2450    .text               c_w.l(calloc.o)
    0x080002c2   0x080002c2   0x0000005e   Code   RO         2452    .text               c_w.l(h1_alloc.o)
    0x08000320   0x08000320   0x000000f0   Code   RO         2506    .text               c_w.l(lludivv7m.o)
    0x08000410   0x08000410   0x00000018   Code   RO         2512    .text               c_w.l(noretval__2printf.o)
    0x08000428   0x08000428   0x00000138   Code   RO         2528    .text               c_w.l(__printf_flags_wp.o)
    0x08000560   0x08000560   0x0000002c   Code   RO         2538    .text               c_w.l(puts.o)
    0x0800058c   0x0800058c   0x0000008a   Code   RO         2540    .text               c_w.l(rt_memcpy_v6.o)
    0x08000616   0x08000616   0x00000064   Code   RO         2542    .text               c_w.l(rt_memcpy_w.o)
    0x0800067a   0x0800067a   0x00000044   Code   RO         2546    .text               c_w.l(rt_memclr.o)
    0x080006be   0x080006be   0x0000004e   Code   RO         2548    .text               c_w.l(rt_memclr_w.o)
    0x0800070c   0x0800070c   0x00000006   Code   RO         2550    .text               c_w.l(heapauxi.o)
    0x08000712   0x08000712   0x00000002   Code   RO         2643    .text               c_w.l(use_no_semi.o)
    0x08000714   0x08000714   0x00000008   Code   RO         2655    .text               c_w.l(rt_heap_descriptor_intlibspace.o)
    0x0800071c   0x0800071c   0x00000004   Code   RO         2657    .text               c_w.l(hguard.o)
    0x08000720   0x08000720   0x0000008a   Code   RO         2659    .text               c_w.l(init_alloc.o)
    0x080007aa   0x080007aa   0x0000000e   Code   RO         2665    .text               c_w.l(h1_init.o)
    0x080007b8   0x080007b8   0x0000004e   Code   RO         2667    .text               c_w.l(h1_free.o)
    0x08000806   0x08000806   0x0000041c   Code   RO         2683    .text               c_w.l(_printf_fp_dec.o)
    0x08000c22   0x08000c22   0x00000002   PAD
    0x08000c24   0x08000c24   0x00000024   Code   RO         2687    .text               c_w.l(_printf_char_file.o)
    0x08000c48   0x08000c48   0x00000008   Code   RO         2801    .text               c_w.l(libspace.o)
    0x08000c50   0x08000c50   0x00000008   Code   RO         2824    .text               c_w.l(rt_locale_intlibspace.o)
    0x08000c58   0x08000c58   0x00000000   Code   RO         2833    .text               c_w.l(maybetermalloc1.o)
    0x08000c58   0x08000c58   0x00000034   Code   RO         2835    .text               c_w.l(h1_extend.o)
    0x08000c8c   0x08000c8c   0x0000008a   Code   RO         2839    .text               c_w.l(lludiv10.o)
    0x08000d16   0x08000d16   0x00000002   PAD
    0x08000d18   0x08000d18   0x00000030   Code   RO         2841    .text               c_w.l(_printf_char_common.o)
    0x08000d48   0x08000d48   0x00000080   Code   RO         2843    .text               c_w.l(_printf_fp_infnan.o)
    0x08000dc8   0x08000dc8   0x000000e4   Code   RO         2845    .text               c_w.l(bigflt0.o)
    0x08000eac   0x08000eac   0x0000000e   Code   RO         2875    .text               c_w.l(defsig_rtmem_outer.o)
    0x08000eba   0x08000eba   0x0000004a   Code   RO         2889    .text               c_w.l(sys_stackheap_outer.o)
    0x08000f04   0x08000f04   0x00000012   Code   RO         2899    .text               c_w.l(exit.o)
    0x08000f16   0x08000f16   0x0000000a   Code   RO         2901    .text               c_w.l(defsig_exit.o)
    0x08000f20   0x08000f20   0x00000050   Code   RO         2907    .text               c_w.l(defsig_rtmem_inner.o)
    0x08000f70   0x08000f70   0x0000007c   Code   RO         2909    .text               c_w.l(strcmpv7em.o)
    0x08000fec   0x08000fec   0x00000032   Code   RO         2931    .text               c_w.l(defsig_general.o)
    0x0800101e   0x0800101e   0x00000002   PAD
    0x08001020   0x08001020   0x00000002   Code   RO          140    .text.BusFault_Handler  stm32f4xx_it.o
    0x08001022   0x08001022   0x00000002   PAD
    0x08001024   0x08001024   0x00000002   Code   RO          146    .text.DebugMon_Handler  stm32f4xx_it.o
    0x08001026   0x08001026   0x00000002   PAD
    0x08001028   0x08001028   0x0000000a   Code   RO           98    .text.Error_Handler  main.o
    0x08001032   0x08001032   0x00000002   PAD
    0x08001034   0x08001034   0x00000028   Code   RO          630    .text.HAL_Delay     stm32f4xx_hal.o
    0x0800105c   0x0800105c   0x000001a6   Code   RO          423    .text.HAL_GPIO_Init  stm32f4xx_hal_gpio.o
    0x08001202   0x08001202   0x00000002   PAD
    0x08001204   0x08001204   0x0000000c   Code   RO          622    .text.HAL_GetTick   stm32f4xx_hal.o
    0x08001210   0x08001210   0x0000001a   Code   RO          620    .text.HAL_IncTick   stm32f4xx_hal.o
    0x0800122a   0x0800122a   0x00000002   PAD
    0x0800122c   0x0800122c   0x00000036   Code   RO          610    .text.HAL_Init      stm32f4xx_hal.o
    0x08001262   0x08001262   0x00000002   PAD
    0x08001264   0x08001264   0x00000048   Code   RO          612    .text.HAL_InitTick  stm32f4xx_hal.o
    0x080012ac   0x080012ac   0x00000038   Code   RO          159    .text.HAL_MspInit   stm32f4xx_hal_msp.o
    0x080012e4   0x080012e4   0x00000056   Code   RO          566    .text.HAL_NVIC_SetPriority  stm32f4xx_hal_cortex.o
    0x0800133a   0x0800133a   0x00000002   PAD
    0x0800133c   0x0800133c   0x00000020   Code   RO          564    .text.HAL_NVIC_SetPriorityGrouping  stm32f4xx_hal_cortex.o
    0x0800135c   0x0800135c   0x00000160   Code   RO          293    .text.HAL_RCC_ClockConfig  stm32f4xx_hal_rcc.o
    0x080014bc   0x080014bc   0x00000026   Code   RO          305    .text.HAL_RCC_GetPCLK1Freq  stm32f4xx_hal_rcc.o
    0x080014e2   0x080014e2   0x00000002   PAD
    0x080014e4   0x080014e4   0x00000026   Code   RO          307    .text.HAL_RCC_GetPCLK2Freq  stm32f4xx_hal_rcc.o
    0x0800150a   0x0800150a   0x00000002   PAD
    0x0800150c   0x0800150c   0x0000006a   Code   RO          295    .text.HAL_RCC_GetSysClockFreq  stm32f4xx_hal_rcc.o
    0x08001576   0x08001576   0x00000002   PAD
    0x08001578   0x08001578   0x00000374   Code   RO          291    .text.HAL_RCC_OscConfig  stm32f4xx_hal_rcc.o
    0x080018ec   0x080018ec   0x0000002c   Code   RO          576    .text.HAL_SYSTICK_Config  stm32f4xx_hal_cortex.o
    0x08001918   0x08001918   0x0000005e   Code   RO          169    .text.HAL_UART_Init  stm32f4xx_hal_uart.o
    0x08001976   0x08001976   0x00000002   PAD
    0x08001978   0x08001978   0x0000006c   Code   RO          119    .text.HAL_UART_MspInit  usart.o
    0x080019e4   0x080019e4   0x00000286   Code   RO          185    .text.HAL_UART_Transmit  stm32f4xx_hal_uart.o
    0x08001c6a   0x08001c6a   0x00000002   PAD
    0x08001c6c   0x08001c6c   0x00000002   Code   RO          136    .text.HardFault_Handler  stm32f4xx_it.o
    0x08001c6e   0x08001c6e   0x00000002   PAD
    0x08001c70   0x08001c70   0x0000004c   Code   RO          109    .text.MX_GPIO_Init  gpio.o
    0x08001cbc   0x08001cbc   0x0000003c   Code   RO          117    .text.MX_USART1_UART_Init  usart.o
    0x08001cf8   0x08001cf8   0x00000002   Code   RO          138    .text.MemManage_Handler  stm32f4xx_it.o
    0x08001cfa   0x08001cfa   0x00000002   PAD
    0x08001cfc   0x08001cfc   0x00000002   Code   RO          134    .text.NMI_Handler   stm32f4xx_it.o
    0x08001cfe   0x08001cfe   0x00000002   PAD
    0x08001d00   0x08001d00   0x000001d4   Code   RO           38    .text.POE_Formula_calc  poe_formula.o
    0x08001ed4   0x08001ed4   0x00000022   Code   RO           36    .text.POE_Formula_init  poe_formula.o
    0x08001ef6   0x08001ef6   0x00000002   PAD
    0x08001ef8   0x08001ef8   0x00000002   Code   RO          148    .text.PendSV_Handler  stm32f4xx_it.o
    0x08001efa   0x08001efa   0x00000002   PAD
    0x08001efc   0x08001efc   0x00000112   Code   RO           72    .text.Robotics_calc  robotics.o
    0x0800200e   0x0800200e   0x00000002   PAD
    0x08002010   0x08002010   0x00000060   Code   RO           70    .text.Robotics_init  robotics.o
    0x08002070   0x08002070   0x00000078   Code   RO           74    .text.Robotics_print  robotics.o
    0x080020e8   0x080020e8   0x00000002   Code   RO          144    .text.SVC_Handler   stm32f4xx_it.o
    0x080020ea   0x080020ea   0x00000002   PAD
    0x080020ec   0x080020ec   0x00000004   Code   RO          150    .text.SysTick_Handler  stm32f4xx_it.o
    0x080020f0   0x080020f0   0x000000ac   Code   RO           96    .text.SystemClock_Config  main.o
    0x0800219c   0x0800219c   0x00000012   Code   RO          700    .text.SystemInit    system_stm32f4xx.o
    0x080021ae   0x080021ae   0x00000002   PAD
    0x080021b0   0x080021b0   0x000000ee   Code   RO          173    .text.UART_SetConfig  stm32f4xx_hal_uart.o
    0x0800229e   0x0800229e   0x00000002   PAD
    0x080022a0   0x080022a0   0x000000f4   Code   RO           84    .text.UR5_Robot_init  ur5_controller.o
    0x08002394   0x08002394   0x00000002   Code   RO          142    .text.UsageFault_Handler  stm32f4xx_it.o
    0x08002396   0x08002396   0x00000002   PAD
    0x08002398   0x08002398   0x00000002   Code   RO           56    .text._sys_exit     retarget.o
    0x0800239a   0x0800239a   0x00000002   PAD
    0x0800239c   0x0800239c   0x00000004   Code   RO           54    .text._ttywrch      retarget.o
    0x080023a0   0x080023a0   0x0000004c   Code   RO         1292    .text.arm_cos_q15   fastmathfunctions.o
    0x080023ec   0x080023ec   0x000000f8   Code   RO         2119    .text.arm_float_to_q15  supportfunctions.o
    0x080024e4   0x080024e4   0x00000008   Code   RO         1655    .text.arm_mat_init_q15  matrixfunctions.o
    0x080024ec   0x080024ec   0x000008c8   Code   RO         1673    .text.arm_mat_mult_q15  matrixfunctions.o
    0x08002db4   0x08002db4   0x000000ec   Code   RO         2127    .text.arm_q15_to_float  supportfunctions.o
    0x08002ea0   0x08002ea0   0x0000003e   Code   RO         1298    .text.arm_sin_q15   fastmathfunctions.o
    0x08002ede   0x08002ede   0x00000002   PAD
    0x08002ee0   0x08002ee0   0x00000006   Code   RO           52    .text.ferror        retarget.o
    0x08002ee6   0x08002ee6   0x00000002   PAD
    0x08002ee8   0x08002ee8   0x00000004   Code   RO           50    .text.fputc         retarget.o
    0x08002eec   0x08002eec   0x00000056   Code   RO           94    .text.main          main.o
    0x08002f42   0x08002f42   0x00000002   PAD
    0x08002f44   0x08002f44   0x0000000e   Code   RO           17    .text.mat_q15_get   mymaths.o
    0x08002f52   0x08002f52   0x00000002   PAD
    0x08002f54   0x08002f54   0x00000010   Code   RO           15    .text.mat_q15_set   mymaths.o
    0x08002f64   0x08002f64   0x0000001c   Code   RO           21    .text.my_q15_to_float  mymaths.o
    0x08002f80   0x08002f80   0x0000009c   Code   RO           34    .text.new_POE_Formula  poe_formula.o
    0x0800301c   0x0800301c   0x000000d8   Code   RO           68    .text.new_Robotics  robotics.o
    0x080030f4   0x080030f4   0x000000b4   Code   RO           11    .text.new_mat_q15   mymaths.o
    0x080031a8   0x080031a8   0x00000020   Code   RO          123    .text.sendchar      usart.o
    0x080031c8   0x080031c8   0x0000003e   Code   RO         2848    CL$$btod_d2e        c_w.l(btod.o)
    0x08003206   0x08003206   0x00000046   Code   RO         2850    CL$$btod_d2e_denorm_low  c_w.l(btod.o)
    0x0800324c   0x0800324c   0x00000060   Code   RO         2849    CL$$btod_d2e_norm_op1  c_w.l(btod.o)
    0x080032ac   0x080032ac   0x00000338   Code   RO         2858    CL$$btod_div_common  c_w.l(btod.o)
    0x080035e4   0x080035e4   0x000000dc   Code   RO         2855    CL$$btod_e2e        c_w.l(btod.o)
    0x080036c0   0x080036c0   0x0000002a   Code   RO         2852    CL$$btod_ediv       c_w.l(btod.o)
    0x080036ea   0x080036ea   0x0000002a   Code   RO         2851    CL$$btod_emul       c_w.l(btod.o)
    0x08003714   0x08003714   0x00000244   Code   RO         2857    CL$$btod_mult_common  c_w.l(btod.o)
    0x08003958   0x08003958   0x00000030   Code   RO         2776    i.__ARM_fpclassify  m_wm.l(fpclassify.o)
    0x08003988   0x08003988   0x0000000e   Code   RO         2526    i._is_digit         c_w.l(__printf_wp.o)
    0x08003996   0x08003996   0x00000002   PAD
    0x08003998   0x08003998   0x0000002c   Code   RO         2873    locale$$code        c_w.l(lc_numeric_c.o)
    0x080039c4   0x080039c4   0x0000000c   Code   RO         2749    x$fpl$dretinf       fz_wm.l(dretinf.o)
    0x080039d0   0x080039d0   0x00000056   Code   RO         2586    x$fpl$f2d           fz_wm.l(f2d.o)
    0x08003a26   0x08003a26   0x0000008c   Code   RO         2755    x$fpl$fnaninf       fz_wm.l(fnaninf.o)
    0x08003ab2   0x08003ab2   0x0000001a   Code   RO         2886    x$fpl$fpinit        fz_wm.l(fpinit.o)
    0x08003acc   0x08003acc   0x00000004   Code   RO         2588    x$fpl$printf1       fz_wm.l(printf1.o)
    0x08003ad0   0x08003ad0   0x00000000   Code   RO         2761    x$fpl$usenofp       fz_wm.l(usenofp.o)
    0x08003ad0   0x08003ad0   0x00000011   Data   RO         2529    .constdata          c_w.l(__printf_flags_wp.o)
    0x08003ae1   0x08003ae1   0x00000003   PAD
    0x08003ae4   0x08003ae4   0x00000094   Data   RO         2846    .constdata          c_w.l(bigflt0.o)
    0x08003b78   0x08003b78   0x00000048   Data   RO           86    .rodata..L__const.UR5_Robot_init.positions_f32  ur5_controller.o
    0x08003bc0   0x08003bc0   0x00000010   Data   RO          705    .rodata.AHBPrescTable  system_stm32f4xx.o
    0x08003bd0   0x08003bd0   0x00000008   Data   RO          706    .rodata.APBPrescTable  system_stm32f4xx.o
    0x08003bd8   0x08003bd8   0x00000402   Data   RO          999    .rodata.sinTable_q15  commontables.o
    0x08003fda   0x08003fda   0x0000002b   Data   RO           25    .rodata.str1.1      mymaths.o
    0x08004005   0x08004005   0x00000003   PAD
    0x08004008   0x08004008   0x00000020   Data   RO         2978    Region$$Table       anon$$obj.o
    0x08004028   0x08004028   0x0000001c   Data   RO         2872    locale$$data        c_w.l(lc_numeric_c.o)


    Execution Region RW_IRAM1 (Exec base: 0x20000000, Load base: 0x08004048, Size: 0x00005110, Max: 0x00020000, ABSOLUTE)

    Exec Addr    Load Addr    Size         Type   Attr      Idx    E Section Name        Object

    0x20000000   0x08004048   0x00000008   Data   RW          665    .data..L_MergedGlobals  stm32f4xx_hal.o
    0x20000008   0x08004050   0x00000004   Data   RW          704    .data.SystemCoreClock  system_stm32f4xx.o
    0x2000000c   0x08004054   0x00000004   PAD
    0x20000010        -       0x00000060   Zero   RW         2802    .bss                c_w.l(libspace.o)
    0x20000070        -       0x00000004   Zero   RW           87    .bss.UR5_Robot      ur5_controller.o
    0x20000074        -       0x00000054   Zero   RW           58    .bss.__stdout       retarget.o
    0x200000c8        -       0x00000044   Zero   RW          125    .bss.huart1         usart.o
    0x2000010c        -       0x00000004   Zero   RW          664    .bss.uwTick         stm32f4xx_hal.o
    0x20000110        -       0x00004000   Zero   RW            2    HEAP                startup_stm32f411xe.o
    0x20004110        -       0x00001000   Zero   RW            1    STACK               startup_stm32f411xe.o


==============================================================================

Image component sizes


      Code (inc. data)   RO Data    RW Data    ZI Data      Debug   Object Name

         0          0       1026          0          0      10743   commontables.o
       138          0          0          0          0      33815   fastmathfunctions.o
        76          0          0          0          0       1558   gpio.o
       268          0          0          0          0       3057   main.o
      2256          0          0          0          0     177627   matrixfunctions.o
       238         96         43          0          0       3204   mymaths.o
       658         92          0          0          0       2810   poe_formula.o
        16          0          0          0         84       1325   retarget.o
       706        104          0          0          0       3972   robotics.o
        64         26        408          0      20480        880   startup_stm32f411xe.o
       204          0          0          8          4       6916   stm32f4xx_hal.o
       162          0          0          0          0      10075   stm32f4xx_hal_cortex.o
       422          0          0          0          0       5351   stm32f4xx_hal_gpio.o
        56          0          0          0          0       1557   stm32f4xx_hal_msp.o
      1418          0          0          0          0       7457   stm32f4xx_hal_rcc.o
       978          0          0          0          0      31755   stm32f4xx_hal_uart.o
        20          0          0          0          0       1184   stm32f4xx_it.o
       484          8          0          0          0      46719   supportfunctions.o
        18          0         24          4          0       2749   system_stm32f4xx.o
       244         64         72          0          4       1975   ur5_controller.o
       200          0          0          0         68       5304   usart.o

    ----------------------------------------------------------------------
      8680        390       1608         12      20644     360033   Object Totals
         0          0         32          0          0          0   (incl. Generated)
        54          0          3          0          4          0   (incl. Padding)

    ----------------------------------------------------------------------

      Code (inc. data)   RO Data    RW Data    ZI Data      Debug   Library Member Name

         8          0          0          0          0         68   __main.o
       312          4         17          0          0         92   __printf_flags_wp.o
        14          0          0          0          0         68   __printf_wp.o
         0          0          0          0          0          0   __rtentry.o
        12          0          0          0          0          0   __rtentry2.o
         6          0          0          0          0          0   __rtentry4.o
        52          8          0          0          0          0   __scatter.o
        26          0          0          0          0          0   __scatter_copy.o
        28          0          0          0          0          0   __scatter_zi.o
        48          6          0          0          0         96   _printf_char_common.o
        36          4          0          0          0         80   _printf_char_file.o
         6          0          0          0          0          0   _printf_f.o
      1052          0          0          0          0        148   _printf_fp_dec.o
       128         16          0          0          0         84   _printf_fp_infnan.o
         0          0          0          0          0          0   _printf_percent.o
         4          0          0          0          0          0   _printf_percent_end.o
       228          4        148          0          0         96   bigflt0.o
      1936        128          0          0          0        668   btod.o
        40          0          0          0          0         80   calloc.o
        10          0          0          0          0         68   defsig_exit.o
        50          0          0          0          0         88   defsig_general.o
        80         58          0          0          0         76   defsig_rtmem_inner.o
        14          0          0          0          0         80   defsig_rtmem_outer.o
        18          0          0          0          0         80   exit.o
        94          0          0          0          0         80   h1_alloc.o
        52          0          0          0          0         68   h1_extend.o
        78          0          0          0          0         80   h1_free.o
        14          0          0          0          0         84   h1_init.o
         6          0          0          0          0        152   heapauxi.o
         4          0          0          0          0        136   hguard.o
       138          0          0          0          0        168   init_alloc.o
        44         10         28          0          0         76   lc_numeric_c.o
         2          0          0          0          0          0   libinit.o
        30          0          0          0          0          0   libinit2.o
         2          0          0          0          0          0   libshutdown.o
         2          0          0          0          0          0   libshutdown2.o
         8          4          0          0         96         68   libspace.o
       138          0          0          0          0         80   lludiv10.o
       240          0          0          0          0        100   lludivv7m.o
         0          0          0          0          0          0   maybetermalloc1.o
        24          4          0          0          0         84   noretval__2printf.o
        44          4          0          0          0         84   puts.o
         8          4          0          0          0         68   rt_heap_descriptor_intlibspace.o
         8          4          0          0          0         68   rt_locale_intlibspace.o
        68          0          0          0          0         68   rt_memclr.o
        78          0          0          0          0         80   rt_memclr_w.o
       138          0          0          0          0         68   rt_memcpy_v6.o
       100          0          0          0          0         80   rt_memcpy_w.o
         2          0          0          0          0          0   rtexit.o
        10          0          0          0          0          0   rtexit2.o
       124          0          0          0          0         88   strcmpv7em.o
        74          0          0          0          0         80   sys_stackheap_outer.o
         2          0          0          0          0         68   use_no_semi.o
         2          0          0          0          0         68   use_no_semi_2.o
        12          0          0          0          0        116   dretinf.o
        86          4          0          0          0        132   f2d.o
       140          4          0          0          0        132   fnaninf.o
        26          0          0          0          0        116   fpinit.o
         4          0          0          0          0        116   printf1.o
         0          0          0          0          0          0   usenofp.o
        48          0          0          0          0        124   fpclassify.o

    ----------------------------------------------------------------------
      5968        266        196          0         96       4604   Library Totals
        10          0          3          0          0          0   (incl. Padding)

    ----------------------------------------------------------------------

      Code (inc. data)   RO Data    RW Data    ZI Data      Debug   Library Name

      5642        258        193          0         96       3868   c_w.l
       268          8          0          0          0        612   fz_wm.l
        48          0          0          0          0        124   m_wm.l

    ----------------------------------------------------------------------
      5968        266        196          0         96       4604   Library Totals

    ----------------------------------------------------------------------

==============================================================================


      Code (inc. data)   RO Data    RW Data    ZI Data      Debug   

     14648        656       1804         12      20740     361693   Grand Totals
     14648        656       1804         12      20740     361693   ELF Image Totals
     14648        656       1804         12          0          0   ROM Totals

==============================================================================

    Total RO  Size (Code + RO Data)                16452 (  16.07kB)
    Total RW  Size (RW Data + ZI Data)             20752 (  20.27kB)
    Total ROM Size (Code + RO Data + RW Data)      16464 (  16.08kB)

==============================================================================

